<?xml version="1.0"?>
<link_info>
   <banner>TI ARM Linker PC v5.2.5</banner>
   <copyright>Copyright (c) 1996-2015 Texas Instruments Incorporated</copyright>
   <link_time>0x59249fbc</link_time>
   <link_errors>0x0</link_errors>
   <output_file>enet_lwip.out</output_file>
   <entry_point>
      <name>_c_int00</name>
      <address>0x6d95</address>
   </entry_point>
   <input_file_list>
      <input_file id="fl-2">
         <path>.\</path>
         <kind>object</kind>
         <file>enet_fs.obj</file>
         <name>enet_fs.obj</name>
      </input_file>
      <input_file id="fl-3">
         <path>.\</path>
         <kind>object</kind>
         <file>enet_lwip.obj</file>
         <name>enet_lwip.obj</name>
      </input_file>
      <input_file id="fl-4">
         <path>.\</path>
         <kind>object</kind>
         <file>startup_ccs.obj</file>
         <name>startup_ccs.obj</name>
      </input_file>
      <input_file id="fl-5">
         <path>.\drivers\</path>
         <kind>object</kind>
         <file>pinout.obj</file>
         <name>pinout.obj</name>
      </input_file>
      <input_file id="fl-6">
         <path>.\third_party\fatfs\port\</path>
         <kind>object</kind>
         <file>mmc-ek-tm4c1294xl.obj</file>
         <name>mmc-ek-tm4c1294xl.obj</name>
      </input_file>
      <input_file id="fl-7">
         <path>.\third_party\fatfs\src\</path>
         <kind>object</kind>
         <file>ff.obj</file>
         <name>ff.obj</name>
      </input_file>
      <input_file id="fl-8">
         <path>.\third_party\lwip-1.4.1\apps\httpserver_raw\</path>
         <kind>object</kind>
         <file>httpd.obj</file>
         <name>httpd.obj</name>
      </input_file>
      <input_file id="fl-9">
         <path>.\utils\</path>
         <kind>object</kind>
         <file>locator.obj</file>
         <name>locator.obj</name>
      </input_file>
      <input_file id="fl-a">
         <path>.\utils\</path>
         <kind>object</kind>
         <file>lwiplib.obj</file>
         <name>lwiplib.obj</name>
      </input_file>
      <input_file id="fl-b">
         <path>.\utils\</path>
         <kind>object</kind>
         <file>uartstdio.obj</file>
         <name>uartstdio.obj</name>
      </input_file>
      <input_file id="fl-c">
         <path>.\utils\</path>
         <kind>object</kind>
         <file>ustdlib.obj</file>
         <name>ustdlib.obj</name>
      </input_file>
      <input_file id="fl-133">
         <path>C:\ti\ccsv6\tools\compiler\ti-cgt-arm_5.2.5\lib\</path>
         <kind>archive</kind>
         <file>rtsv7M4_T_le_v4SPD16_eabi.lib</file>
         <name>boot.obj</name>
      </input_file>
      <input_file id="fl-134">
         <path>C:\ti\ccsv6\tools\compiler\ti-cgt-arm_5.2.5\lib\</path>
         <kind>archive</kind>
         <file>rtsv7M4_T_le_v4SPD16_eabi.lib</file>
         <name>copy_decompress_none.obj</name>
      </input_file>
      <input_file id="fl-135">
         <path>C:\ti\ccsv6\tools\compiler\ti-cgt-arm_5.2.5\lib\</path>
         <kind>archive</kind>
         <file>rtsv7M4_T_le_v4SPD16_eabi.lib</file>
         <name>copy_decompress_rle.obj</name>
      </input_file>
      <input_file id="fl-136">
         <path>C:\ti\ccsv6\tools\compiler\ti-cgt-arm_5.2.5\lib\</path>
         <kind>archive</kind>
         <file>rtsv7M4_T_le_v4SPD16_eabi.lib</file>
         <name>copy_zero_init.obj</name>
      </input_file>
      <input_file id="fl-137">
         <path>C:\ti\ccsv6\tools\compiler\ti-cgt-arm_5.2.5\lib\</path>
         <kind>archive</kind>
         <file>rtsv7M4_T_le_v4SPD16_eabi.lib</file>
         <name>exit.obj</name>
      </input_file>
      <input_file id="fl-138">
         <path>C:\ti\ccsv6\tools\compiler\ti-cgt-arm_5.2.5\lib\</path>
         <kind>archive</kind>
         <file>rtsv7M4_T_le_v4SPD16_eabi.lib</file>
         <name>memcmp.obj</name>
      </input_file>
      <input_file id="fl-139">
         <path>C:\ti\ccsv6\tools\compiler\ti-cgt-arm_5.2.5\lib\</path>
         <kind>archive</kind>
         <file>rtsv7M4_T_le_v4SPD16_eabi.lib</file>
         <name>memcpy_t2.obj</name>
      </input_file>
      <input_file id="fl-13a">
         <path>C:\ti\ccsv6\tools\compiler\ti-cgt-arm_5.2.5\lib\</path>
         <kind>archive</kind>
         <file>rtsv7M4_T_le_v4SPD16_eabi.lib</file>
         <name>memset_t2.obj</name>
      </input_file>
      <input_file id="fl-13b">
         <path>C:\ti\ccsv6\tools\compiler\ti-cgt-arm_5.2.5\lib\</path>
         <kind>archive</kind>
         <file>rtsv7M4_T_le_v4SPD16_eabi.lib</file>
         <name>pre_init.obj</name>
      </input_file>
      <input_file id="fl-13c">
         <path>C:\ti\ccsv6\tools\compiler\ti-cgt-arm_5.2.5\lib\</path>
         <kind>archive</kind>
         <file>rtsv7M4_T_le_v4SPD16_eabi.lib</file>
         <name>stkdepth_vars.obj</name>
      </input_file>
      <input_file id="fl-13d">
         <path>C:\ti\ccsv6\tools\compiler\ti-cgt-arm_5.2.5\lib\</path>
         <kind>archive</kind>
         <file>rtsv7M4_T_le_v4SPD16_eabi.lib</file>
         <name>strlen.obj</name>
      </input_file>
      <input_file id="fl-13e">
         <path>C:\ti\ccsv6\tools\compiler\ti-cgt-arm_5.2.5\lib\</path>
         <kind>archive</kind>
         <file>rtsv7M4_T_le_v4SPD16_eabi.lib</file>
         <name>strncmp.obj</name>
      </input_file>
      <input_file id="fl-13f">
         <path>C:\ti\ccsv6\tools\compiler\ti-cgt-arm_5.2.5\lib\</path>
         <kind>archive</kind>
         <file>rtsv7M4_T_le_v4SPD16_eabi.lib</file>
         <name>u_divt2.obj</name>
      </input_file>
      <input_file id="fl-140">
         <path>C:\ti\ccsv6\tools\compiler\ti-cgt-arm_5.2.5\lib\</path>
         <kind>archive</kind>
         <file>rtsv7M4_T_le_v4SPD16_eabi.lib</file>
         <name>_lock.obj</name>
      </input_file>
      <input_file id="fl-141">
         <path>C:\ti\ccsv6\tools\compiler\ti-cgt-arm_5.2.5\lib\</path>
         <kind>archive</kind>
         <file>rtsv7M4_T_le_v4SPD16_eabi.lib</file>
         <name>args_main.obj</name>
      </input_file>
      <input_file id="fl-142">
         <path>C:\ti\ccsv6\tools\compiler\ti-cgt-arm_5.2.5\lib\</path>
         <kind>archive</kind>
         <file>rtsv7M4_T_le_v4SPD16_eabi.lib</file>
         <name>autoinit.obj</name>
      </input_file>
      <input_file id="fl-143">
         <path>C:\ti\ccsv6\tools\compiler\ti-cgt-arm_5.2.5\lib\</path>
         <kind>archive</kind>
         <file>rtsv7M4_T_le_v4SPD16_eabi.lib</file>
         <name>cpy_tbl.obj</name>
      </input_file>
      <input_file id="fl-144">
         <path>C:\ti\ccsv6\tools\compiler\ti-cgt-arm_5.2.5\lib\</path>
         <kind>archive</kind>
         <file>rtsv7M4_T_le_v4SPD16_eabi.lib</file>
         <name>i_div0.obj</name>
      </input_file>
      <input_file id="fl-145">
         <path>C:\ti\TivaWare_C_Series-2.1.4.178\driverlib\ccs\Debug\</path>
         <kind>archive</kind>
         <file>driverlib.lib</file>
         <name>emac.obj</name>
      </input_file>
      <input_file id="fl-146">
         <path>C:\ti\TivaWare_C_Series-2.1.4.178\driverlib\ccs\Debug\</path>
         <kind>archive</kind>
         <file>driverlib.lib</file>
         <name>flash.obj</name>
      </input_file>
      <input_file id="fl-147">
         <path>C:\ti\TivaWare_C_Series-2.1.4.178\driverlib\ccs\Debug\</path>
         <kind>archive</kind>
         <file>driverlib.lib</file>
         <name>gpio.obj</name>
      </input_file>
      <input_file id="fl-148">
         <path>C:\ti\TivaWare_C_Series-2.1.4.178\driverlib\ccs\Debug\</path>
         <kind>archive</kind>
         <file>driverlib.lib</file>
         <name>interrupt.obj</name>
      </input_file>
      <input_file id="fl-149">
         <path>C:\ti\TivaWare_C_Series-2.1.4.178\driverlib\ccs\Debug\</path>
         <kind>archive</kind>
         <file>driverlib.lib</file>
         <name>sw_crc.obj</name>
      </input_file>
      <input_file id="fl-14a">
         <path>C:\ti\TivaWare_C_Series-2.1.4.178\driverlib\ccs\Debug\</path>
         <kind>archive</kind>
         <file>driverlib.lib</file>
         <name>sysctl.obj</name>
      </input_file>
      <input_file id="fl-14b">
         <path>C:\ti\TivaWare_C_Series-2.1.4.178\driverlib\ccs\Debug\</path>
         <kind>archive</kind>
         <file>driverlib.lib</file>
         <name>systick.obj</name>
      </input_file>
      <input_file id="fl-14c">
         <path>C:\ti\TivaWare_C_Series-2.1.4.178\driverlib\ccs\Debug\</path>
         <kind>archive</kind>
         <file>driverlib.lib</file>
         <name>uart.obj</name>
      </input_file>
      <input_file id="fl-14d">
         <path>C:\ti\TivaWare_C_Series-2.1.4.178\driverlib\ccs\Debug\</path>
         <kind>archive</kind>
         <file>driverlib.lib</file>
         <name>cpu.obj</name>
      </input_file>
   </input_file_list>
   <object_component_list>
      <object_component id="oc-f">
         <name>.intvecs</name>
         <load_address>0x0</load_address>
         <run_address>0x0</run_address>
         <size>0x200</size>
         <input_file_ref idref="fl-4"/>
      </object_component>
      <object_component id="oc-930">
         <name>.text:tcp_receive</name>
         <load_address>0x200</load_address>
         <run_address>0x200</run_address>
         <size>0x7bc</size>
         <input_file_ref idref="fl-a"/>
      </object_component>
      <object_component id="oc-62f">
         <name>.text:tcp_input</name>
         <load_address>0x9bc</load_address>
         <run_address>0x9bc</run_address>
         <size>0x3b0</size>
         <input_file_ref idref="fl-a"/>
      </object_component>
      <object_component id="oc-7db">
         <name>.text:tcp_process</name>
         <load_address>0xd6c</load_address>
         <run_address>0xd6c</run_address>
         <size>0x3b0</size>
         <input_file_ref idref="fl-a"/>
      </object_component>
      <object_component id="oc-9f5">
         <name>.text:tcp_write</name>
         <load_address>0x111c</load_address>
         <run_address>0x111c</run_address>
         <size>0x2ec</size>
         <input_file_ref idref="fl-a"/>
      </object_component>
      <object_component id="oc-2ed">
         <name>.text:tcp_slowtmr</name>
         <load_address>0x1408</load_address>
         <run_address>0x1408</run_address>
         <size>0x2c8</size>
         <input_file_ref idref="fl-a"/>
      </object_component>
      <object_component id="oc-8f9">
         <name>.text:http_send_data</name>
         <load_address>0x16d0</load_address>
         <run_address>0x16d0</run_address>
         <size>0x274</size>
         <input_file_ref idref="fl-8"/>
      </object_component>
      <object_component id="oc-644">
         <name>.text:uvsnprintf</name>
         <load_address>0x1944</load_address>
         <run_address>0x1944</run_address>
         <size>0x24d</size>
         <input_file_ref idref="fl-c"/>
      </object_component>
      <object_component id="oc-36">
         <name>.text:FaultISR</name>
         <load_address>0x1b92</load_address>
         <run_address>0x1b92</run_address>
         <size>0x2</size>
         <input_file_ref idref="fl-4"/>
      </object_component>
      <object_component id="oc-6d0">
         <name>.text:dhcp_parse_reply</name>
         <load_address>0x1b94</load_address>
         <run_address>0x1b94</run_address>
         <size>0x228</size>
         <input_file_ref idref="fl-a"/>
      </object_component>
      <object_component id="oc-1f0">
         <name>.text:PinoutSet</name>
         <load_address>0x1dbc</load_address>
         <run_address>0x1dbc</run_address>
         <size>0x214</size>
         <input_file_ref idref="fl-5"/>
      </object_component>
      <object_component id="oc-1ea">
         <name>.text:SysCtlClockFreqSet</name>
         <load_address>0x1fd0</load_address>
         <run_address>0x1fd0</run_address>
         <size>0x200</size>
         <input_file_ref idref="fl-14a"/>
      </object_component>
      <object_component id="oc-38f">
         <name>.text:UARTvprintf</name>
         <load_address>0x21d0</load_address>
         <run_address>0x21d0</run_address>
         <size>0x1ea</size>
         <input_file_ref idref="fl-b"/>
      </object_component>
      <object_component id="oc-3c">
         <name>.text:IntDefaultHandler</name>
         <load_address>0x23ba</load_address>
         <run_address>0x23ba</run_address>
         <size>0x2</size>
         <input_file_ref idref="fl-4"/>
      </object_component>
      <object_component id="oc-448">
         <name>.text:ip_input</name>
         <load_address>0x23bc</load_address>
         <run_address>0x23bc</run_address>
         <size>0x1dc</size>
         <input_file_ref idref="fl-a"/>
      </object_component>
      <object_component id="oc-ed">
         <name>.text:main</name>
         <load_address>0x2598</load_address>
         <run_address>0x2598</run_address>
         <size>0x1cc</size>
         <input_file_ref idref="fl-3"/>
      </object_component>
      <object_component id="oc-8f3">
         <name>.text:http_parse_request</name>
         <load_address>0x2764</load_address>
         <run_address>0x2764</run_address>
         <size>0x1c8</size>
         <input_file_ref idref="fl-8"/>
      </object_component>
      <object_component id="oc-629">
         <name>.text:udp_input</name>
         <load_address>0x292c</load_address>
         <run_address>0x292c</run_address>
         <size>0x1c4</size>
         <input_file_ref idref="fl-a"/>
      </object_component>
      <object_component id="oc-46f">
         <name>.text:tcp_output</name>
         <load_address>0x2af0</load_address>
         <run_address>0x2af0</run_address>
         <size>0x190</size>
         <input_file_ref idref="fl-a"/>
      </object_component>
      <object_component id="oc-635">
         <name>.text:icmp_input</name>
         <load_address>0x2c80</load_address>
         <run_address>0x2c80</run_address>
         <size>0x184</size>
         <input_file_ref idref="fl-a"/>
      </object_component>
      <object_component id="oc-9fd">
         <name>.text:f_read</name>
         <load_address>0x2e04</load_address>
         <run_address>0x2e04</run_address>
         <size>0x15e</size>
         <input_file_ref idref="fl-7"/>
      </object_component>
      <object_component id="oc-30">
         <name>.text:NmiSR</name>
         <load_address>0x2f62</load_address>
         <run_address>0x2f62</run_address>
         <size>0x2</size>
         <input_file_ref idref="fl-4"/>
      </object_component>
      <object_component id="oc-43c">
         <name>.text:etharp_arp_input</name>
         <load_address>0x2f64</load_address>
         <run_address>0x2f64</run_address>
         <size>0x150</size>
         <input_file_ref idref="fl-a"/>
      </object_component>
      <object_component id="oc-94a">
         <name>.text:tcp_close_shutdown</name>
         <load_address>0x30b4</load_address>
         <run_address>0x30b4</run_address>
         <size>0x148</size>
         <input_file_ref idref="fl-a"/>
      </object_component>
      <object_component id="oc-156">
         <name>.text:tivaif_receive</name>
         <load_address>0x31fc</load_address>
         <run_address>0x31fc</run_address>
         <size>0x140</size>
         <input_file_ref idref="fl-a"/>
      </object_component>
      <object_component id="oc-2c6">
         <name>.text:pbuf_alloc</name>
         <load_address>0x333c</load_address>
         <run_address>0x333c</run_address>
         <size>0x136</size>
         <input_file_ref idref="fl-a"/>
      </object_component>
      <object_component id="oc-35b">
         <name>.text:GPIOPadConfigSet</name>
         <load_address>0x3472</load_address>
         <run_address>0x3472</run_address>
         <size>0x132</size>
         <input_file_ref idref="fl-147"/>
      </object_component>
      <object_component id="oc-68c">
         <name>.text:dhcp_create_msg</name>
         <load_address>0x35a4</load_address>
         <run_address>0x35a4</run_address>
         <size>0x124</size>
         <input_file_ref idref="fl-a"/>
      </object_component>
      <object_component id="oc-76e">
         <name>.text:http_recv</name>
         <load_address>0x36c8</load_address>
         <run_address>0x36c8</run_address>
         <size>0x11d</size>
         <input_file_ref idref="fl-8"/>
      </object_component>
      <object_component id="oc-6f2">
         <name>.text</name>
         <load_address>0x37e6</load_address>
         <run_address>0x37e6</run_address>
         <size>0x2</size>
         <input_file_ref idref="fl-144"/>
      </object_component>
      <object_component id="oc-71c">
         <name>.text:etharp_output</name>
         <load_address>0x37e8</load_address>
         <run_address>0x37e8</run_address>
         <size>0x11c</size>
         <input_file_ref idref="fl-a"/>
      </object_component>
      <object_component id="oc-6b6">
         <name>.text:etharp_query</name>
         <load_address>0x3904</load_address>
         <run_address>0x3904</run_address>
         <size>0x114</size>
         <input_file_ref idref="fl-a"/>
      </object_component>
      <object_component id="oc-7cf">
         <name>.text:tcp_listen_input</name>
         <load_address>0x3a18</load_address>
         <run_address>0x3a18</run_address>
         <size>0x114</size>
         <input_file_ref idref="fl-a"/>
      </object_component>
      <object_component id="oc-77a">
         <name>.text:http_poll</name>
         <load_address>0x3b2c</load_address>
         <run_address>0x3b2c</run_address>
         <size>0x100</size>
         <input_file_ref idref="fl-8"/>
      </object_component>
      <object_component id="oc-722">
         <name>.text:tivaif_transmit</name>
         <load_address>0x3c2c</load_address>
         <run_address>0x3c2c</run_address>
         <size>0x100</size>
         <input_file_ref idref="fl-a"/>
      </object_component>
      <object_component id="oc-45b">
         <name>.text:mem_malloc</name>
         <load_address>0x3d2c</load_address>
         <run_address>0x3d2c</run_address>
         <size>0xf8</size>
         <input_file_ref idref="fl-a"/>
      </object_component>
      <object_component id="oc-23e">
         <name>.text:lwIPInit</name>
         <load_address>0x3e24</load_address>
         <run_address>0x3e24</run_address>
         <size>0xe8</size>
         <input_file_ref idref="fl-a"/>
      </object_component>
      <object_component id="oc-7bd">
         <name>.text:mem_trim</name>
         <load_address>0x3f0c</load_address>
         <run_address>0x3f0c</run_address>
         <size>0xe8</size>
         <input_file_ref idref="fl-a"/>
      </object_component>
      <object_component id="oc-9a5">
         <name>.text:http_write</name>
         <load_address>0x3ff4</load_address>
         <run_address>0x3ff4</run_address>
         <size>0xe5</size>
         <input_file_ref idref="fl-8"/>
      </object_component>
      <object_component id="oc-7a8">
         <name>.text:etharp_find_entry</name>
         <load_address>0x40dc</load_address>
         <run_address>0x40dc</run_address>
         <size>0xe0</size>
         <input_file_ref idref="fl-a"/>
      </object_component>
      <object_component id="oc-4c2">
         <name>.text:etharp_raw</name>
         <load_address>0x41bc</load_address>
         <run_address>0x41bc</run_address>
         <size>0xdc</size>
         <input_file_ref idref="fl-a"/>
      </object_component>
      <object_component id="oc-16e">
         <name>.text:autoip_tmr</name>
         <load_address>0x4298</load_address>
         <run_address>0x4298</run_address>
         <size>0xd4</size>
         <input_file_ref idref="fl-a"/>
      </object_component>
      <object_component id="oc-731">
         <name>.text:tcp_alloc</name>
         <load_address>0x436c</load_address>
         <run_address>0x436c</run_address>
         <size>0xd0</size>
         <input_file_ref idref="fl-a"/>
      </object_component>
      <object_component id="oc-518">
         <name>.text:dhcp_recv</name>
         <load_address>0x443c</load_address>
         <run_address>0x443c</run_address>
         <size>0xcc</size>
         <input_file_ref idref="fl-a"/>
      </object_component>
      <object_component id="oc-4f0">
         <name>.text:dhcp_select</name>
         <load_address>0x4508</load_address>
         <run_address>0x4508</run_address>
         <size>0xcc</size>
         <input_file_ref idref="fl-a"/>
      </object_component>
      <object_component id="oc-a23">
         <name>.text:get_fat</name>
         <load_address>0x45d4</load_address>
         <run_address>0x45d4</run_address>
         <size>0xcc</size>
         <input_file_ref idref="fl-7"/>
      </object_component>
      <object_component id="oc-4de">
         <name>.text:dhcp_bind</name>
         <load_address>0x46a0</load_address>
         <run_address>0x46a0</run_address>
         <size>0xc8</size>
         <input_file_ref idref="fl-a"/>
      </object_component>
      <object_component id="oc-6a0">
         <name>.text:udp_sendto_if</name>
         <load_address>0x4768</load_address>
         <run_address>0x4768</run_address>
         <size>0xc8</size>
         <input_file_ref idref="fl-a"/>
      </object_component>
      <object_component id="oc-883">
         <name>.text:InitDMADescriptors</name>
         <load_address>0x4830</load_address>
         <run_address>0x4830</run_address>
         <size>0xc4</size>
         <input_file_ref idref="fl-a"/>
      </object_component>
      <object_component id="oc-652">
         <name>.text:tcp_output_segment</name>
         <load_address>0x48f4</load_address>
         <run_address>0x48f4</run_address>
         <size>0xc0</size>
         <input_file_ref idref="fl-a"/>
      </object_component>
      <object_component id="oc-4f6">
         <name>.text:dhcp_discover</name>
         <load_address>0x49b4</load_address>
         <run_address>0x49b4</run_address>
         <size>0xbc</size>
         <input_file_ref idref="fl-a"/>
      </object_component>
      <object_component id="oc-a2f">
         <name>.text:disk_write</name>
         <load_address>0x4a70</load_address>
         <run_address>0x4a70</run_address>
         <size>0xbc</size>
         <input_file_ref idref="fl-6"/>
      </object_component>
      <object_component id="oc-9c6">
         <name>.text:tcp_create_segment</name>
         <load_address>0x4b2c</load_address>
         <run_address>0x4b2c</run_address>
         <size>0xbc</size>
         <input_file_ref idref="fl-a"/>
      </object_component>
      <object_component id="oc-716">
         <name>.text:tivaif_hwinit</name>
         <load_address>0x4be8</load_address>
         <run_address>0x4be8</run_address>
         <size>0xbc</size>
         <input_file_ref idref="fl-a"/>
      </object_component>
      <object_component id="oc-b8">
         <name>.text:lwIPServiceTimers</name>
         <load_address>0x4ca4</load_address>
         <run_address>0x4ca4</run_address>
         <size>0xb0</size>
         <input_file_ref idref="fl-a"/>
      </object_component>
      <object_component id="oc-32f">
         <name>.text:dhcp_start</name>
         <load_address>0x4d54</load_address>
         <run_address>0x4d54</run_address>
         <size>0xa8</size>
         <input_file_ref idref="fl-a"/>
      </object_component>
      <object_component id="oc-15c">
         <name>.text:lwIPHostTimerHandler</name>
         <load_address>0x4dfc</load_address>
         <run_address>0x4dfc</run_address>
         <size>0xa8</size>
         <input_file_ref idref="fl-3"/>
      </object_component>
      <object_component id="oc-928">
         <name>.text:tcp_enqueue_flags</name>
         <load_address>0x4ea4</load_address>
         <run_address>0x4ea4</run_address>
         <size>0xa8</size>
         <input_file_ref idref="fl-a"/>
      </object_component>
      <object_component id="oc-4ea">
         <name>.text:dhcp_release</name>
         <load_address>0x4f4c</load_address>
         <run_address>0x4f4c</run_address>
         <size>0xa4</size>
         <input_file_ref idref="fl-a"/>
      </object_component>
      <object_component id="oc-2c0">
         <name>.text:ethernet_input</name>
         <load_address>0x4ff0</load_address>
         <run_address>0x4ff0</run_address>
         <size>0xa4</size>
         <input_file_ref idref="fl-a"/>
      </object_component>
      <object_component id="oc-7fd">
         <name>.text:ip_output_if</name>
         <load_address>0x5094</load_address>
         <run_address>0x5094</run_address>
         <size>0xa4</size>
         <input_file_ref idref="fl-a"/>
      </object_component>
      <object_component id="oc-5d8">
         <name>.text:http_accept</name>
         <load_address>0x5138</load_address>
         <run_address>0x5138</run_address>
         <size>0xa0</size>
         <input_file_ref idref="fl-8"/>
      </object_component>
      <object_component id="oc-51">
         <name>.text</name>
         <load_address>0x51d8</load_address>
         <run_address>0x51d8</run_address>
         <size>0x9c</size>
         <input_file_ref idref="fl-139"/>
      </object_component>
      <object_component id="oc-5c6">
         <name>.text:tcp_listen_with_backlog</name>
         <load_address>0x5274</load_address>
         <run_address>0x5274</run_address>
         <size>0x9c</size>
         <input_file_ref idref="fl-a"/>
      </object_component>
      <object_component id="oc-4d8">
         <name>.text:dhcp_reboot</name>
         <load_address>0x5310</load_address>
         <run_address>0x5310</run_address>
         <size>0x98</size>
         <input_file_ref idref="fl-a"/>
      </object_component>
      <object_component id="oc-8ff">
         <name>.text:http_close_conn</name>
         <load_address>0x53a8</load_address>
         <run_address>0x53a8</run_address>
         <size>0x94</size>
         <input_file_ref idref="fl-8"/>
      </object_component>
      <object_component id="oc-7f7">
         <name>.text:pbuf_copy</name>
         <load_address>0x543c</load_address>
         <run_address>0x543c</run_address>
         <size>0x92</size>
         <input_file_ref idref="fl-a"/>
      </object_component>
      <object_component id="oc-a35">
         <name>.text:disk_read</name>
         <load_address>0x54d0</load_address>
         <run_address>0x54d0</run_address>
         <size>0x90</size>
         <input_file_ref idref="fl-6"/>
      </object_component>
      <object_component id="oc-82b">
         <name>.text:tcp_abandon</name>
         <load_address>0x5560</load_address>
         <run_address>0x5560</run_address>
         <size>0x90</size>
         <input_file_ref idref="fl-a"/>
      </object_component>
      <object_component id="oc-485">
         <name>.text:tcp_zero_window_probe</name>
         <load_address>0x55f0</load_address>
         <run_address>0x55f0</run_address>
         <size>0x8c</size>
         <input_file_ref idref="fl-a"/>
      </object_component>
      <object_component id="oc-3ce">
         <name>.text:LocatorReceive</name>
         <load_address>0x567c</load_address>
         <run_address>0x567c</run_address>
         <size>0x88</size>
         <input_file_ref idref="fl-9"/>
      </object_component>
      <object_component id="oc-180">
         <name>.text:lwIPLinkDetect</name>
         <load_address>0x5704</load_address>
         <run_address>0x5704</run_address>
         <size>0x84</size>
         <input_file_ref idref="fl-a"/>
      </object_component>
      <object_component id="oc-7d5">
         <name>.text:tcp_timewait_input</name>
         <load_address>0x5788</load_address>
         <run_address>0x5788</run_address>
         <size>0x84</size>
         <input_file_ref idref="fl-a"/>
      </object_component>
      <object_component id="oc-5f7">
         <name>.text:autoip_arp_reply</name>
         <load_address>0x580c</load_address>
         <run_address>0x580c</run_address>
         <size>0x82</size>
         <input_file_ref idref="fl-a"/>
      </object_component>
      <object_component id="oc-4d1">
         <name>.text:dhcp_rebind</name>
         <load_address>0x5890</load_address>
         <run_address>0x5890</run_address>
         <size>0x80</size>
         <input_file_ref idref="fl-a"/>
      </object_component>
      <object_component id="oc-4ca">
         <name>.text:dhcp_renew</name>
         <load_address>0x5910</load_address>
         <run_address>0x5910</run_address>
         <size>0x80</size>
         <input_file_ref idref="fl-a"/>
      </object_component>
      <object_component id="oc-48">
         <name>.text:lwIPEthernetIntHandler</name>
         <load_address>0x5990</load_address>
         <run_address>0x5990</run_address>
         <size>0x80</size>
         <input_file_ref idref="fl-a"/>
      </object_component>
      <object_component id="oc-3af">
         <name>.text:lwIPPrivateInit</name>
         <load_address>0x5a10</load_address>
         <run_address>0x5a10</run_address>
         <size>0x80</size>
         <input_file_ref idref="fl-a"/>
      </object_component>
      <object_component id="oc-922">
         <name>.text:tcp_parseopt</name>
         <load_address>0x5a90</load_address>
         <run_address>0x5a90</run_address>
         <size>0x80</size>
         <input_file_ref idref="fl-a"/>
      </object_component>
      <object_component id="oc-6e2">
         <name>.text:dhcp_handle_ack</name>
         <load_address>0x5b10</load_address>
         <run_address>0x5b10</run_address>
         <size>0x7c</size>
         <input_file_ref idref="fl-a"/>
      </object_component>
      <object_component id="oc-316">
         <name>.text:dhcp_timeout</name>
         <load_address>0x5b8c</load_address>
         <run_address>0x5b8c</run_address>
         <size>0x7c</size>
         <input_file_ref idref="fl-a"/>
      </object_component>
      <object_component id="oc-5c0">
         <name>.text:tcp_bind</name>
         <load_address>0x5c08</load_address>
         <run_address>0x5c08</run_address>
         <size>0x7c</size>
         <input_file_ref idref="fl-a"/>
      </object_component>
      <object_component id="oc-49d">
         <name>.text:tcp_rst</name>
         <load_address>0x5c84</load_address>
         <run_address>0x5c84</run_address>
         <size>0x7c</size>
         <input_file_ref idref="fl-a"/>
      </object_component>
      <object_component id="oc-14a">
         <name>.text:tivaif_process_phy_interrupt</name>
         <load_address>0x5d00</load_address>
         <run_address>0x5d00</run_address>
         <size>0x7c</size>
         <input_file_ref idref="fl-a"/>
      </object_component>
      <object_component id="oc-6a">
         <name>.text</name>
         <load_address>0x5d7c</load_address>
         <run_address>0x5d7c</run_address>
         <size>0x7a</size>
         <input_file_ref idref="fl-13a"/>
      </object_component>
      <object_component id="oc-3a9">
         <name>.text:EMACInit</name>
         <load_address>0x5df8</load_address>
         <run_address>0x5df8</run_address>
         <size>0x78</size>
         <input_file_ref idref="fl-145"/>
      </object_component>
      <object_component id="oc-9d9">
         <name>.text:tcp_oos_insert_segment</name>
         <load_address>0x5e70</load_address>
         <run_address>0x5e70</run_address>
         <size>0x78</size>
         <input_file_ref idref="fl-a"/>
      </object_component>
      <object_component id="oc-5fd">
         <name>.text:etharp_update_arp_entry</name>
         <load_address>0x5ee8</load_address>
         <run_address>0x5ee8</run_address>
         <size>0x74</size>
         <input_file_ref idref="fl-a"/>
      </object_component>
      <object_component id="oc-61d">
         <name>.text:raw_input</name>
         <load_address>0x5f5c</load_address>
         <run_address>0x5f5c</run_address>
         <size>0x74</size>
         <input_file_ref idref="fl-a"/>
      </object_component>
      <object_component id="oc-2e7">
         <name>.text:tcp_fasttmr</name>
         <load_address>0x5fd0</load_address>
         <run_address>0x5fd0</run_address>
         <size>0x70</size>
         <input_file_ref idref="fl-a"/>
      </object_component>
      <object_component id="oc-7c7">
         <name>.text:icmp_send_response</name>
         <load_address>0x6040</load_address>
         <run_address>0x6040</run_address>
         <size>0x6c</size>
         <input_file_ref idref="fl-a"/>
      </object_component>
      <object_component id="oc-704">
         <name>.text:memp_init</name>
         <load_address>0x60ac</load_address>
         <run_address>0x60ac</run_address>
         <size>0x6c</size>
         <input_file_ref idref="fl-a"/>
      </object_component>
      <object_component id="oc-7c">
         <name>.text</name>
         <load_address>0x6118</load_address>
         <run_address>0x6118</run_address>
         <size>0x6c</size>
         <input_file_ref idref="fl-142"/>
      </object_component>
      <object_component id="oc-5d">
         <name>.text</name>
         <load_address>0x6184</load_address>
         <run_address>0x6184</run_address>
         <size>0x6a</size>
         <input_file_ref idref="fl-135"/>
      </object_component>
      <object_component id="oc-8ad">
         <name>.text:IntEnable</name>
         <load_address>0x61f0</load_address>
         <run_address>0x61f0</run_address>
         <size>0x68</size>
         <input_file_ref idref="fl-148"/>
      </object_component>
      <object_component id="oc-7b6">
         <name>.text:dhcp_decline</name>
         <load_address>0x6258</load_address>
         <run_address>0x6258</run_address>
         <size>0x68</size>
         <input_file_ref idref="fl-a"/>
      </object_component>
      <object_component id="oc-93e">
         <name>.text:lwip_standard_chksum</name>
         <load_address>0x62c0</load_address>
         <run_address>0x62c0</run_address>
         <size>0x68</size>
         <input_file_ref idref="fl-a"/>
      </object_component>
      <object_component id="oc-4a9">
         <name>.text:netif_set_ipaddr</name>
         <load_address>0x6328</load_address>
         <run_address>0x6328</run_address>
         <size>0x68</size>
         <input_file_ref idref="fl-a"/>
      </object_component>
      <object_component id="oc-66e">
         <name>.text:pbuf_copy_partial</name>
         <load_address>0x6390</load_address>
         <run_address>0x6390</run_address>
         <size>0x68</size>
         <input_file_ref idref="fl-a"/>
      </object_component>
      <object_component id="oc-857">
         <name>.text:sys_timeout</name>
         <load_address>0x63f8</load_address>
         <run_address>0x63f8</run_address>
         <size>0x68</size>
         <input_file_ref idref="fl-a"/>
      </object_component>
      <object_component id="oc-668">
         <name>.text:tcp_output_alloc_header</name>
         <load_address>0x6460</load_address>
         <run_address>0x6460</run_address>
         <size>0x68</size>
         <input_file_ref idref="fl-a"/>
      </object_component>
      <object_component id="oc-475">
         <name>.text:tcp_process_refused_data</name>
         <load_address>0x64c8</load_address>
         <run_address>0x64c8</run_address>
         <size>0x68</size>
         <input_file_ref idref="fl-a"/>
      </object_component>
      <object_component id="oc-3c5">
         <name>.text:udp_bind</name>
         <load_address>0x6530</load_address>
         <run_address>0x6530</run_address>
         <size>0x68</size>
         <input_file_ref idref="fl-a"/>
      </object_component>
      <object_component id="oc-a5b">
         <name>.text:send_cmd</name>
         <load_address>0x6598</load_address>
         <run_address>0x6598</run_address>
         <size>0x66</size>
         <input_file_ref idref="fl-6"/>
      </object_component>
      <object_component id="oc-428">
         <name>.text:mem_free</name>
         <load_address>0x6600</load_address>
         <run_address>0x6600</run_address>
         <size>0x64</size>
         <input_file_ref idref="fl-a"/>
      </object_component>
      <object_component id="oc-5e9">
         <name>.text:plug_holes</name>
         <load_address>0x6664</load_address>
         <run_address>0x6664</run_address>
         <size>0x64</size>
         <input_file_ref idref="fl-a"/>
      </object_component>
      <object_component id="oc-442">
         <name>.text:pbuf_header</name>
         <load_address>0x66c8</load_address>
         <run_address>0x66c8</run_address>
         <size>0x62</size>
         <input_file_ref idref="fl-a"/>
      </object_component>
      <object_component id="oc-1f6">
         <name>.text:UARTStdioConfig</name>
         <load_address>0x672c</load_address>
         <run_address>0x672c</run_address>
         <size>0x60</size>
         <input_file_ref idref="fl-b"/>
      </object_component>
      <object_component id="oc-6fe">
         <name>.text:mem_init</name>
         <load_address>0x678c</load_address>
         <run_address>0x678c</run_address>
         <size>0x5c</size>
         <input_file_ref idref="fl-a"/>
      </object_component>
      <object_component id="oc-7e3">
         <name>.text:tcp_pcb_remove</name>
         <load_address>0x67e8</load_address>
         <run_address>0x67e8</run_address>
         <size>0x5c</size>
         <input_file_ref idref="fl-a"/>
      </object_component>
      <object_component id="oc-7f1">
         <name>.text:inet_chksum_pbuf</name>
         <load_address>0x6844</load_address>
         <run_address>0x6844</run_address>
         <size>0x5a</size>
         <input_file_ref idref="fl-a"/>
      </object_component>
      <object_component id="oc-611">
         <name>.text:pbuf_realloc</name>
         <load_address>0x689e</load_address>
         <run_address>0x689e</run_address>
         <size>0x5a</size>
         <input_file_ref idref="fl-a"/>
      </object_component>
      <object_component id="oc-3a3">
         <name>.text:EMACPHYConfigSet</name>
         <load_address>0x68f8</load_address>
         <run_address>0x68f8</run_address>
         <size>0x58</size>
         <input_file_ref idref="fl-145"/>
      </object_component>
      <object_component id="oc-335">
         <name>.text:autoip_start</name>
         <load_address>0x6950</load_address>
         <run_address>0x6950</run_address>
         <size>0x58</size>
         <input_file_ref idref="fl-a"/>
      </object_component>
      <object_component id="oc-44f">
         <name>.text:memp_malloc</name>
         <load_address>0x69a8</load_address>
         <run_address>0x69a8</run_address>
         <size>0x58</size>
         <input_file_ref idref="fl-a"/>
      </object_component>
      <object_component id="oc-a90">
         <name>.text:sync_window</name>
         <load_address>0x6a00</load_address>
         <run_address>0x6a00</run_address>
         <size>0x56</size>
         <input_file_ref idref="fl-7"/>
      </object_component>
      <object_component id="oc-936">
         <name>.text:tcp_rexmit</name>
         <load_address>0x6a56</load_address>
         <run_address>0x6a56</run_address>
         <size>0x56</size>
         <input_file_ref idref="fl-a"/>
      </object_component>
      <object_component id="oc-244">
         <name>.text:LocatorInit</name>
         <load_address>0x6aac</load_address>
         <run_address>0x6aac</run_address>
         <size>0x54</size>
         <input_file_ref idref="fl-9"/>
      </object_component>
      <object_component id="oc-51f">
         <name>.text:autoip_create_addr</name>
         <load_address>0x6b00</load_address>
         <run_address>0x6b00</run_address>
         <size>0x54</size>
         <input_file_ref idref="fl-a"/>
      </object_component>
      <object_component id="oc-588">
         <name>.text:netif_add</name>
         <load_address>0x6b54</load_address>
         <run_address>0x6b54</run_address>
         <size>0x54</size>
         <input_file_ref idref="fl-a"/>
      </object_component>
      <object_component id="oc-739">
         <name>.text:tcp_new_port</name>
         <load_address>0x6ba8</load_address>
         <run_address>0x6ba8</run_address>
         <size>0x54</size>
         <input_file_ref idref="fl-a"/>
      </object_component>
      <object_component id="oc-a16">
         <name>.text:tcp_pbuf_prealloc</name>
         <load_address>0x6bfc</load_address>
         <run_address>0x6bfc</run_address>
         <size>0x52</size>
         <input_file_ref idref="fl-a"/>
      </object_component>
      <object_component id="oc-150">
         <name>.text:tivaif_process_transmit</name>
         <load_address>0x6c4e</load_address>
         <run_address>0x6c4e</run_address>
         <size>0x52</size>
         <input_file_ref idref="fl-a"/>
      </object_component>
      <object_component id="oc-a61">
         <name>.text:xmit_datablock</name>
         <load_address>0x6ca0</load_address>
         <run_address>0x6ca0</run_address>
         <size>0x52</size>
         <input_file_ref idref="fl-6"/>
      </object_component>
      <object_component id="oc-564">
         <name>.text:SysCtlPeripheralReset</name>
         <load_address>0x6cf4</load_address>
         <run_address>0x6cf4</run_address>
         <size>0x50</size>
         <input_file_ref idref="fl-14a"/>
      </object_component>
      <object_component id="oc-72a">
         <name>.text:ip_route</name>
         <load_address>0x6d44</load_address>
         <run_address>0x6d44</run_address>
         <size>0x50</size>
         <input_file_ref idref="fl-a"/>
      </object_component>
      <object_component id="oc-24">
         <name>.text</name>
         <load_address>0x6d94</load_address>
         <run_address>0x6d94</run_address>
         <size>0x50</size>
         <input_file_ref idref="fl-133"/>
      </object_component>
      <object_component id="oc-70a">
         <name>.text:sys_timeouts_init</name>
         <load_address>0x6de4</load_address>
         <run_address>0x6de4</run_address>
         <size>0x50</size>
         <input_file_ref idref="fl-a"/>
      </object_component>
      <object_component id="oc-a10">
         <name>.text:tcp_write_checks</name>
         <load_address>0x6e34</load_address>
         <run_address>0x6e34</run_address>
         <size>0x50</size>
         <input_file_ref idref="fl-a"/>
      </object_component>
      <object_component id="oc-525">
         <name>.text:autoip_start_probing</name>
         <load_address>0x6e84</load_address>
         <run_address>0x6e84</run_address>
         <size>0x4e</size>
         <input_file_ref idref="fl-a"/>
      </object_component>
      <object_component id="oc-2b3">
         <name>.text:pbuf_free</name>
         <load_address>0x6ed2</load_address>
         <run_address>0x6ed2</run_address>
         <size>0x4e</size>
         <input_file_ref idref="fl-a"/>
      </object_component>
      <object_component id="oc-e5">
         <name>.text</name>
         <load_address>0x6f20</load_address>
         <run_address>0x6f20</run_address>
         <size>0x4c</size>
         <input_file_ref idref="fl-143"/>
      </object_component>
      <object_component id="oc-998">
         <name>.text:strnstr</name>
         <load_address>0x6f6c</load_address>
         <run_address>0x6f6c</run_address>
         <size>0x4c</size>
         <input_file_ref idref="fl-8"/>
      </object_component>
      <object_component id="oc-b2">
         <name>.text:tivaif_interrupt</name>
         <load_address>0x6fb8</load_address>
         <run_address>0x6fb8</run_address>
         <size>0x4c</size>
         <input_file_ref idref="fl-a"/>
      </object_component>
      <object_component id="oc-512">
         <name>.text:udp_connect</name>
         <load_address>0x7004</load_address>
         <run_address>0x7004</run_address>
         <size>0x4c</size>
         <input_file_ref idref="fl-a"/>
      </object_component>
      <object_component id="oc-59d">
         <name>.text:udp_new_port</name>
         <load_address>0x7050</load_address>
         <run_address>0x7050</run_address>
         <size>0x4c</size>
         <input_file_ref idref="fl-a"/>
      </object_component>
      <object_component id="oc-202">
         <name>.text:GPIOPinConfigure</name>
         <load_address>0x709c</load_address>
         <run_address>0x709c</run_address>
         <size>0x48</size>
         <input_file_ref idref="fl-147"/>
      </object_component>
      <object_component id="oc-554">
         <name>.text:UARTwrite</name>
         <load_address>0x70e4</load_address>
         <run_address>0x70e4</run_address>
         <size>0x48</size>
         <input_file_ref idref="fl-b"/>
      </object_component>
      <object_component id="oc-34b">
         <name>.text:_SysCtlFrequencyGet</name>
         <load_address>0x712c</load_address>
         <run_address>0x712c</run_address>
         <size>0x48</size>
         <input_file_ref idref="fl-14a"/>
      </object_component>
      <object_component id="oc-8ba">
         <name>.text:etharp_output_to_arp_index</name>
         <load_address>0x7174</load_address>
         <run_address>0x7174</run_address>
         <size>0x48</size>
         <input_file_ref idref="fl-a"/>
      </object_component>
      <object_component id="oc-674">
         <name>.text:ip_output</name>
         <load_address>0x71bc</load_address>
         <run_address>0x71bc</run_address>
         <size>0x48</size>
         <input_file_ref idref="fl-a"/>
      </object_component>
      <object_component id="oc-a7f">
         <name>.text:rcvr_datablock</name>
         <load_address>0x7204</load_address>
         <run_address>0x7204</run_address>
         <size>0x48</size>
         <input_file_ref idref="fl-6"/>
      </object_component>
      <object_component id="oc-8db">
         <name>.text:tcp_kill_prio</name>
         <load_address>0x724c</load_address>
         <run_address>0x724c</run_address>
         <size>0x48</size>
         <input_file_ref idref="fl-a"/>
      </object_component>
      <object_component id="oc-9cd">
         <name>.text:tcp_rexmit_fast</name>
         <load_address>0x7294</load_address>
         <run_address>0x7294</run_address>
         <size>0x48</size>
         <input_file_ref idref="fl-a"/>
      </object_component>
      <object_component id="oc-8c1">
         <name>.text:tivaif_check_pbuf</name>
         <load_address>0x72dc</load_address>
         <run_address>0x72dc</run_address>
         <size>0x48</size>
         <input_file_ref idref="fl-a"/>
      </object_component>
      <object_component id="oc-20e">
         <name>.text:UARTConfigSetExpClk</name>
         <load_address>0x7324</load_address>
         <run_address>0x7324</run_address>
         <size>0x46</size>
         <input_file_ref idref="fl-14c"/>
      </object_component>
      <object_component id="oc-9b1">
         <name>.text:fs_read</name>
         <load_address>0x736a</load_address>
         <run_address>0x736a</run_address>
         <size>0x46</size>
         <input_file_ref idref="fl-2"/>
      </object_component>
      <object_component id="oc-64c">
         <name>.text:tcp_send_empty_ack</name>
         <load_address>0x73b0</load_address>
         <run_address>0x73b0</run_address>
         <size>0x46</size>
         <input_file_ref idref="fl-a"/>
      </object_component>
      <object_component id="oc-9e2">
         <name>.text:tcp_send_fin</name>
         <load_address>0x73f6</load_address>
         <run_address>0x73f6</run_address>
         <size>0x46</size>
         <input_file_ref idref="fl-a"/>
      </object_component>
      <object_component id="oc-88">
         <name>.text</name>
         <load_address>0x743c</load_address>
         <run_address>0x743c</run_address>
         <size>0x44</size>
         <input_file_ref idref="fl-137"/>
      </object_component>
      <object_component id="oc-48b">
         <name>.text:tcp_keepalive</name>
         <load_address>0x7480</load_address>
         <run_address>0x7480</run_address>
         <size>0x44</size>
         <input_file_ref idref="fl-a"/>
      </object_component>
      <object_component id="oc-407">
         <name>.text:dhcp_network_changed</name>
         <load_address>0x74c4</load_address>
         <run_address>0x74c4</run_address>
         <size>0x42</size>
         <input_file_ref idref="fl-a"/>
      </object_component>
      <object_component id="oc-6ae">
         <name>.text:dhcp_option_long</name>
         <load_address>0x7506</load_address>
         <run_address>0x7506</run_address>
         <size>0x42</size>
         <input_file_ref idref="fl-a"/>
      </object_component>
      <object_component id="oc-497">
         <name>.text:tcp_pcb_purge</name>
         <load_address>0x7548</load_address>
         <run_address>0x7548</run_address>
         <size>0x42</size>
         <input_file_ref idref="fl-a"/>
      </object_component>
      <object_component id="oc-162">
         <name>.text:etharp_tmr</name>
         <load_address>0x758c</load_address>
         <run_address>0x758c</run_address>
         <size>0x40</size>
         <input_file_ref idref="fl-a"/>
      </object_component>
      <object_component id="oc-55a">
         <name>.text</name>
         <load_address>0x75cc</load_address>
         <run_address>0x75cc</run_address>
         <size>0x40</size>
         <input_file_ref idref="fl-13f"/>
      </object_component>
      <object_component id="oc-2a0">
         <name>.text:netif_set_link_up</name>
         <load_address>0x760c</load_address>
         <run_address>0x760c</run_address>
         <size>0x3e</size>
         <input_file_ref idref="fl-a"/>
      </object_component>
      <object_component id="oc-174">
         <name>.text:dhcp_coarse_tmr</name>
         <load_address>0x764c</load_address>
         <run_address>0x764c</run_address>
         <size>0x3c</size>
         <input_file_ref idref="fl-a"/>
      </object_component>
      <object_component id="oc-8a7">
         <name>.text:EMACIntEnable</name>
         <load_address>0x7688</load_address>
         <run_address>0x7688</run_address>
         <size>0x3a</size>
         <input_file_ref idref="fl-145"/>
      </object_component>
      <object_component id="oc-2d5">
         <name>.text:DisplayIPAddress</name>
         <load_address>0x76c4</load_address>
         <run_address>0x76c4</run_address>
         <size>0x38</size>
         <input_file_ref idref="fl-3"/>
      </object_component>
      <object_component id="oc-2ac">
         <name>.text:EMACConfigSet</name>
         <load_address>0x76fc</load_address>
         <run_address>0x76fc</run_address>
         <size>0x38</size>
         <input_file_ref idref="fl-145"/>
      </object_component>
      <object_component id="oc-250">
         <name>.text:LocatorAppTitleSet</name>
         <load_address>0x7734</load_address>
         <run_address>0x7734</run_address>
         <size>0x38</size>
         <input_file_ref idref="fl-9"/>
      </object_component>
      <object_component id="oc-56a">
         <name>.text:SysCtlPeripheralReady</name>
         <load_address>0x776c</load_address>
         <run_address>0x776c</run_address>
         <size>0x38</size>
         <input_file_ref idref="fl-14a"/>
      </object_component>
      <object_component id="oc-17a">
         <name>.text:dhcp_fine_tmr</name>
         <load_address>0x77a4</load_address>
         <run_address>0x77a4</run_address>
         <size>0x38</size>
         <input_file_ref idref="fl-a"/>
      </object_component>
      <object_component id="oc-6dc">
         <name>.text:dhcp_handle_nak</name>
         <load_address>0x77dc</load_address>
         <run_address>0x77dc</run_address>
         <size>0x38</size>
         <input_file_ref idref="fl-a"/>
      </object_component>
      <object_component id="oc-323">
         <name>.text:dhcp_stop</name>
         <load_address>0x7814</load_address>
         <run_address>0x7814</run_address>
         <size>0x38</size>
         <input_file_ref idref="fl-a"/>
      </object_component>
      <object_component id="oc-3db">
         <name>.text:httpd_init_addr</name>
         <load_address>0x784c</load_address>
         <run_address>0x784c</run_address>
         <size>0x38</size>
         <input_file_ref idref="fl-8"/>
      </object_component>
      <object_component id="oc-42e">
         <name>.text:memp_free</name>
         <load_address>0x7884</load_address>
         <run_address>0x7884</run_address>
         <size>0x38</size>
         <input_file_ref idref="fl-a"/>
      </object_component>
      <object_component id="oc-8e6">
         <name>.text:tcpip_tcp_timer</name>
         <load_address>0x78bc</load_address>
         <run_address>0x78bc</run_address>
         <size>0x38</size>
         <input_file_ref idref="fl-a"/>
      </object_component>
      <object_component id="oc-5a7">
         <name>.text:udp_sendto</name>
         <load_address>0x78f4</load_address>
         <run_address>0x78f4</run_address>
         <size>0x38</size>
         <input_file_ref idref="fl-a"/>
      </object_component>
      <object_component id="oc-2a6">
         <name>.text:EMACConfigGet</name>
         <load_address>0x792c</load_address>
         <run_address>0x792c</run_address>
         <size>0x34</size>
         <input_file_ref idref="fl-145"/>
      </object_component>
      <object_component id="oc-895">
         <name>.text:EMACIntClear</name>
         <load_address>0x7960</load_address>
         <run_address>0x7960</run_address>
         <size>0x34</size>
         <input_file_ref idref="fl-145"/>
      </object_component>
      <object_component id="oc-1fc">
         <name>.text:SysCtlPeripheralEnable</name>
         <load_address>0x7994</load_address>
         <run_address>0x7994</run_address>
         <size>0x34</size>
         <input_file_ref idref="fl-14a"/>
      </object_component>
      <object_component id="oc-301">
         <name>.text:autoip_arp_probe</name>
         <load_address>0x79c8</load_address>
         <run_address>0x79c8</run_address>
         <size>0x34</size>
         <input_file_ref idref="fl-a"/>
      </object_component>
      <object_component id="oc-8d5">
         <name>.text:tcp_kill_timewait</name>
         <load_address>0x79fc</load_address>
         <run_address>0x79fc</run_address>
         <size>0x34</size>
         <input_file_ref idref="fl-a"/>
      </object_component>
      <object_component id="oc-73f">
         <name>.text:tcp_timer_needed</name>
         <load_address>0x7a30</load_address>
         <run_address>0x7a30</run_address>
         <size>0x34</size>
         <input_file_ref idref="fl-a"/>
      </object_component>
      <object_component id="oc-594">
         <name>.text:tivaif_init</name>
         <load_address>0x7a64</load_address>
         <run_address>0x7a64</run_address>
         <size>0x34</size>
         <input_file_ref idref="fl-a"/>
      </object_component>
      <object_component id="oc-617">
         <name>.text:ip4_addr_isbroadcast</name>
         <load_address>0x7a98</load_address>
         <run_address>0x7a98</run_address>
         <size>0x32</size>
         <input_file_ref idref="fl-a"/>
      </object_component>
      <object_component id="oc-a85">
         <name>.text:send_cmd12</name>
         <load_address>0x7aca</load_address>
         <run_address>0x7aca</run_address>
         <size>0x32</size>
         <input_file_ref idref="fl-6"/>
      </object_component>
      <object_component id="oc-821">
         <name>.text:tcp_recved</name>
         <load_address>0x7afc</load_address>
         <run_address>0x7afc</run_address>
         <size>0x32</size>
         <input_file_ref idref="fl-a"/>
      </object_component>
      <object_component id="oc-951">
         <name>.text:tcp_update_rcv_ann_wnd</name>
         <load_address>0x7b2e</load_address>
         <run_address>0x7b2e</run_address>
         <size>0x30</size>
         <input_file_ref idref="fl-a"/>
      </object_component>
      <object_component id="oc-4fe">
         <name>.text:udp_remove</name>
         <load_address>0x7b60</load_address>
         <run_address>0x7b60</run_address>
         <size>0x30</size>
         <input_file_ref idref="fl-a"/>
      </object_component>
      <object_component id="oc-69a">
         <name>.text:dhcp_option_trailer</name>
         <load_address>0x7b90</load_address>
         <run_address>0x7b90</run_address>
         <size>0x2e</size>
         <input_file_ref idref="fl-a"/>
      </object_component>
      <object_component id="oc-780">
         <name>.text:http_sent</name>
         <load_address>0x7bc0</load_address>
         <run_address>0x7bc0</run_address>
         <size>0x2e</size>
         <input_file_ref idref="fl-8"/>
      </object_component>
      <object_component id="oc-a4d">
         <name>.text:move_window</name>
         <load_address>0x7bee</load_address>
         <run_address>0x7bee</run_address>
         <size>0x2e</size>
         <input_file_ref idref="fl-7"/>
      </object_component>
      <object_component id="oc-47f">
         <name>.text:tcp_rexmit_rto</name>
         <load_address>0x7c1c</load_address>
         <run_address>0x7c1c</run_address>
         <size>0x2e</size>
         <input_file_ref idref="fl-a"/>
      </object_component>
      <object_component id="oc-a0">
         <name>.text:EMACIntStatus</name>
         <load_address>0x7c4a</load_address>
         <run_address>0x7c4a</run_address>
         <size>0x2c</size>
         <input_file_ref idref="fl-145"/>
      </object_component>
      <object_component id="oc-2fb">
         <name>.text:autoip_arp_announce</name>
         <load_address>0x7c78</load_address>
         <run_address>0x7c78</run_address>
         <size>0x2c</size>
         <input_file_ref idref="fl-a"/>
      </object_component>
      <object_component id="oc-6d6">
         <name>.text:dhcp_handle_offer</name>
         <load_address>0x7ca4</load_address>
         <run_address>0x7ca4</run_address>
         <size>0x2c</size>
         <input_file_ref idref="fl-a"/>
      </object_component>
      <object_component id="oc-413">
         <name>.text:etharp_request</name>
         <load_address>0x7cd0</load_address>
         <run_address>0x7cd0</run_address>
         <size>0x2c</size>
         <input_file_ref idref="fl-a"/>
      </object_component>
      <object_component id="oc-a6d">
         <name>.text:rcvr_spi</name>
         <load_address>0x7cfc</load_address>
         <run_address>0x7cfc</run_address>
         <size>0x2c</size>
         <input_file_ref idref="fl-6"/>
      </object_component>
      <object_component id="oc-37a">
         <name>.text:GPIODirModeSet</name>
         <load_address>0x7d28</load_address>
         <run_address>0x7d28</run_address>
         <size>0x2a</size>
         <input_file_ref idref="fl-147"/>
      </object_component>
      <object_component id="oc-2f5">
         <name>.text:autoip_bind</name>
         <load_address>0x7d52</load_address>
         <run_address>0x7d52</run_address>
         <size>0x2a</size>
         <input_file_ref idref="fl-a"/>
      </object_component>
      <object_component id="oc-804">
         <name>.text:ustrncpy</name>
         <load_address>0x7d7c</load_address>
         <run_address>0x7d7c</run_address>
         <size>0x2a</size>
         <input_file_ref idref="fl-c"/>
      </object_component>
      <object_component id="oc-774">
         <name>.text:http_err</name>
         <load_address>0x7da8</load_address>
         <run_address>0x7da8</run_address>
         <size>0x29</size>
         <input_file_ref idref="fl-8"/>
      </object_component>
      <object_component id="oc-6c8">
         <name>.text:etharp_cleanup_netif</name>
         <load_address>0x7dd4</load_address>
         <run_address>0x7dd4</run_address>
         <size>0x28</size>
         <input_file_ref idref="fl-a"/>
      </object_component>
      <object_component id="oc-2ba">
         <name>.text:pbuf_cat</name>
         <load_address>0x7dfc</load_address>
         <run_address>0x7dfc</run_address>
         <size>0x28</size>
         <input_file_ref idref="fl-a"/>
      </object_component>
      <object_component id="oc-a1d">
         <name>.text:validate</name>
         <load_address>0x7e24</load_address>
         <run_address>0x7e24</run_address>
         <size>0x28</size>
         <input_file_ref idref="fl-7"/>
      </object_component>
      <object_component id="oc-294">
         <name>.text:EMACPHYRead</name>
         <load_address>0x7e4c</load_address>
         <run_address>0x7e4c</run_address>
         <size>0x26</size>
         <input_file_ref idref="fl-145"/>
      </object_component>
      <object_component id="oc-889">
         <name>.text:EMACPHYWrite</name>
         <load_address>0x7e72</load_address>
         <run_address>0x7e72</run_address>
         <size>0x26</size>
         <input_file_ref idref="fl-145"/>
      </object_component>
      <object_component id="oc-4e4">
         <name>.text:dhcp_check</name>
         <load_address>0x7e98</load_address>
         <run_address>0x7e98</run_address>
         <size>0x26</size>
         <input_file_ref idref="fl-a"/>
      </object_component>
      <object_component id="oc-906">
         <name>.text:http_state_free</name>
         <load_address>0x7ebe</load_address>
         <run_address>0x7ebe</run_address>
         <size>0x26</size>
         <input_file_ref idref="fl-8"/>
      </object_component>
      <object_component id="oc-992">
         <name>.text</name>
         <load_address>0x7ee4</load_address>
         <run_address>0x7ee4</run_address>
         <size>0x26</size>
         <input_file_ref idref="fl-13e"/>
      </object_component>
      <object_component id="oc-660">
         <name>.text:tcp_recv_null</name>
         <load_address>0x7f0a</load_address>
         <run_address>0x7f0a</run_address>
         <size>0x26</size>
         <input_file_ref idref="fl-a"/>
      </object_component>
      <object_component id="oc-25c">
         <name>.text:IntPrioritySet</name>
         <load_address>0x7f30</load_address>
         <run_address>0x7f30</run_address>
         <size>0x24</size>
         <input_file_ref idref="fl-148"/>
      </object_component>
      <object_component id="oc-2dd">
         <name>.text:etharp_free_entry</name>
         <load_address>0x7f54</load_address>
         <run_address>0x7f54</run_address>
         <size>0x24</size>
         <input_file_ref idref="fl-a"/>
      </object_component>
      <object_component id="oc-4bb">
         <name>.text:netif_set_up</name>
         <load_address>0x7f78</load_address>
         <run_address>0x7f78</run_address>
         <size>0x24</size>
         <input_file_ref idref="fl-a"/>
      </object_component>
      <object_component id="oc-9d3">
         <name>.text:tcp_seg_copy</name>
         <load_address>0x7f9c</load_address>
         <run_address>0x7f9c</run_address>
         <size>0x24</size>
         <input_file_ref idref="fl-a"/>
      </object_component>
      <object_component id="oc-a9e">
         <name>.text:xmit_spi</name>
         <load_address>0x7fc0</load_address>
         <run_address>0x7fc0</run_address>
         <size>0x24</size>
         <input_file_ref idref="fl-6"/>
      </object_component>
      <object_component id="oc-694">
         <name>.text:dhcp_option_short</name>
         <load_address>0x7fe4</load_address>
         <run_address>0x7fe4</run_address>
         <size>0x22</size>
         <input_file_ref idref="fl-a"/>
      </object_component>
      <object_component id="oc-436">
         <name>.text</name>
         <load_address>0x8006</load_address>
         <run_address>0x8006</run_address>
         <size>0x22</size>
         <input_file_ref idref="fl-138"/>
      </object_component>
      <object_component id="oc-24a">
         <name>.text:LocatorMACAddrSet</name>
         <load_address>0x8028</load_address>
         <run_address>0x8028</run_address>
         <size>0x20</size>
         <input_file_ref idref="fl-9"/>
      </object_component>
      <object_component id="oc-381">
         <name>.text:UARTDisable</name>
         <load_address>0x8048</load_address>
         <run_address>0x8048</run_address>
         <size>0x20</size>
         <input_file_ref idref="fl-14c"/>
      </object_component>
      <object_component id="oc-345">
         <name>.text:_SysCtlMemTimingGet</name>
         <load_address>0x8068</load_address>
         <run_address>0x8068</run_address>
         <size>0x20</size>
         <input_file_ref idref="fl-14a"/>
      </object_component>
      <object_component id="oc-79b">
         <name>.text:autoip_handle_arp_conflict</name>
         <load_address>0x8088</load_address>
         <run_address>0x8088</run_address>
         <size>0x20</size>
         <input_file_ref idref="fl-a"/>
      </object_component>
      <object_component id="oc-68e">
         <name>.text:dhcp_option</name>
         <load_address>0x80a8</load_address>
         <run_address>0x80a8</run_address>
         <size>0x20</size>
         <input_file_ref idref="fl-a"/>
      </object_component>
      <object_component id="oc-7ae">
         <name>.text:etharp_send_ip</name>
         <load_address>0x80c8</load_address>
         <run_address>0x80c8</run_address>
         <size>0x20</size>
         <input_file_ref idref="fl-a"/>
      </object_component>
      <object_component id="oc-256">
         <name>.text:httpd_init</name>
         <load_address>0x80e8</load_address>
         <run_address>0x80e8</run_address>
         <size>0x20</size>
         <input_file_ref idref="fl-8"/>
      </object_component>
      <object_component id="oc-96">
         <name>.text:lwIPTimer</name>
         <load_address>0x8108</load_address>
         <run_address>0x8108</run_address>
         <size>0x20</size>
         <input_file_ref idref="fl-a"/>
      </object_component>
      <object_component id="oc-813">
         <name>.text:tcp_eff_send_mss</name>
         <load_address>0x8128</load_address>
         <run_address>0x8128</run_address>
         <size>0x20</size>
         <input_file_ref idref="fl-a"/>
      </object_component>
      <object_component id="oc-168">
         <name>.text:tcp_tmr</name>
         <load_address>0x8148</load_address>
         <run_address>0x8148</run_address>
         <size>0x20</size>
         <input_file_ref idref="fl-a"/>
      </object_component>
      <object_component id="oc-465">
         <name>.text:usprintf</name>
         <load_address>0x8168</load_address>
         <run_address>0x8168</run_address>
         <size>0x20</size>
         <input_file_ref idref="fl-c"/>
      </object_component>
      <object_component id="oc-a98">
         <name>.text:wait_ready</name>
         <load_address>0x8188</load_address>
         <run_address>0x8188</run_address>
         <size>0x20</size>
         <input_file_ref idref="fl-6"/>
      </object_component>
      <object_component id="oc-87d">
         <name>.text:EMACAddrGet</name>
         <load_address>0x81a8</load_address>
         <run_address>0x81a8</run_address>
         <size>0x1e</size>
         <input_file_ref idref="fl-145"/>
      </object_component>
      <object_component id="oc-50b">
         <name>.text:netif_set_down</name>
         <load_address>0x81c6</load_address>
         <run_address>0x81c6</run_address>
         <size>0x1e</size>
         <input_file_ref idref="fl-a"/>
      </object_component>
      <object_component id="oc-a67">
         <name>.text:DESELECT</name>
         <load_address>0x81e4</load_address>
         <run_address>0x81e4</run_address>
         <size>0x1c</size>
         <input_file_ref idref="fl-6"/>
      </object_component>
      <object_component id="oc-a55">
         <name>.text:SELECT</name>
         <load_address>0x8200</load_address>
         <run_address>0x8200</run_address>
         <size>0x1c</size>
         <input_file_ref idref="fl-6"/>
      </object_component>
      <object_component id="oc-750">
         <name>.text:http_state_alloc</name>
         <load_address>0x821c</load_address>
         <run_address>0x821c</run_address>
         <size>0x1c</size>
         <input_file_ref idref="fl-8"/>
      </object_component>
      <object_component id="oc-2cf">
         <name>.text:lwIPLocalIPAddrGet</name>
         <load_address>0x8238</load_address>
         <run_address>0x8238</run_address>
         <size>0x1c</size>
         <input_file_ref idref="fl-a"/>
      </object_component>
      <object_component id="oc-31d">
         <name>.text:netif_set_addr</name>
         <load_address>0x8254</load_address>
         <run_address>0x8254</run_address>
         <size>0x1c</size>
         <input_file_ref idref="fl-a"/>
      </object_component>
      <object_component id="oc-3b9">
         <name>.text:udp_new</name>
         <load_address>0x8270</load_address>
         <run_address>0x8270</run_address>
         <size>0x1c</size>
         <input_file_ref idref="fl-a"/>
      </object_component>
      <object_component id="oc-214">
         <name>.text:UARTprintf</name>
         <load_address>0x828c</load_address>
         <run_address>0x828c</run_address>
         <size>0x1a</size>
         <input_file_ref idref="fl-b"/>
      </object_component>
      <object_component id="oc-40d">
         <name>.text:autoip_network_changed</name>
         <load_address>0x82a6</load_address>
         <run_address>0x82a6</run_address>
         <size>0x1a</size>
         <input_file_ref idref="fl-a"/>
      </object_component>
      <object_component id="oc-609">
         <name>.text:dhcp_arp_reply</name>
         <load_address>0x82c0</load_address>
         <run_address>0x82c0</run_address>
         <size>0x1a</size>
         <input_file_ref idref="fl-a"/>
      </object_component>
      <object_component id="oc-582">
         <name>.text:lwip_htonl</name>
         <load_address>0x82da</load_address>
         <run_address>0x82da</run_address>
         <size>0x1a</size>
         <input_file_ref idref="fl-a"/>
      </object_component>
      <object_component id="oc-21a">
         <name>.text:GPIOPinTypeGPIOOutput</name>
         <load_address>0x82f4</load_address>
         <run_address>0x82f4</run_address>
         <size>0x18</size>
         <input_file_ref idref="fl-147"/>
      </object_component>
      <object_component id="oc-863">
         <name>.text:arp_timer</name>
         <load_address>0x830c</load_address>
         <run_address>0x830c</run_address>
         <size>0x18</size>
         <input_file_ref idref="fl-a"/>
      </object_component>
      <object_component id="oc-875">
         <name>.text:autoip_timer</name>
         <load_address>0x8324</load_address>
         <run_address>0x8324</run_address>
         <size>0x18</size>
         <input_file_ref idref="fl-a"/>
      </object_component>
      <object_component id="oc-a29">
         <name>.text:clust2sect</name>
         <load_address>0x833c</load_address>
         <run_address>0x833c</run_address>
         <size>0x18</size>
         <input_file_ref idref="fl-7"/>
      </object_component>
      <object_component id="oc-869">
         <name>.text:dhcp_timer_coarse</name>
         <load_address>0x8354</load_address>
         <run_address>0x8354</run_address>
         <size>0x18</size>
         <input_file_ref idref="fl-a"/>
      </object_component>
      <object_component id="oc-86f">
         <name>.text:dhcp_timer_fine</name>
         <load_address>0x836c</load_address>
         <run_address>0x836c</run_address>
         <size>0x18</size>
         <input_file_ref idref="fl-a"/>
      </object_component>
      <object_component id="oc-455">
         <name>.text:pbuf_pool_is_empty</name>
         <load_address>0x8384</load_address>
         <run_address>0x8384</run_address>
         <size>0x18</size>
         <input_file_ref idref="fl-a"/>
      </object_component>
      <object_component id="oc-82">
         <name>.text</name>
         <load_address>0x839c</load_address>
         <run_address>0x839c</run_address>
         <size>0x18</size>
         <input_file_ref idref="fl-141"/>
      </object_component>
      <object_component id="oc-8e1">
         <name>.text:tcp_next_iss</name>
         <load_address>0x83b4</load_address>
         <run_address>0x83b4</run_address>
         <size>0x18</size>
         <input_file_ref idref="fl-a"/>
      </object_component>
      <object_component id="oc-658">
         <name>.text:tcp_seg_free</name>
         <load_address>0x83cc</load_address>
         <run_address>0x83cc</run_address>
         <size>0x18</size>
         <input_file_ref idref="fl-a"/>
      </object_component>
      <object_component id="oc-571">
         <name>.text:EMACReset</name>
         <load_address>0x83e4</load_address>
         <run_address>0x83e4</run_address>
         <size>0x16</size>
         <input_file_ref idref="fl-145"/>
      </object_component>
      <object_component id="oc-8a1">
         <name>.text:EMACRxEnable</name>
         <load_address>0x83fa</load_address>
         <run_address>0x83fa</run_address>
         <size>0x16</size>
         <input_file_ref idref="fl-145"/>
      </object_component>
      <object_component id="oc-89b">
         <name>.text:EMACTxEnable</name>
         <load_address>0x8410</load_address>
         <run_address>0x8410</run_address>
         <size>0x16</size>
         <input_file_ref idref="fl-145"/>
      </object_component>
      <object_component id="oc-6a6">
         <name>.text:dhcp_delete_msg</name>
         <load_address>0x8426</load_address>
         <run_address>0x8426</run_address>
         <size>0x16</size>
         <input_file_ref idref="fl-a"/>
      </object_component>
      <object_component id="oc-309">
         <name>.text:dhcp_t1_timeout</name>
         <load_address>0x843c</load_address>
         <run_address>0x843c</run_address>
         <size>0x16</size>
         <input_file_ref idref="fl-a"/>
      </object_component>
      <object_component id="oc-30f">
         <name>.text:dhcp_t2_timeout</name>
         <load_address>0x8452</load_address>
         <run_address>0x8452</run_address>
         <size>0x16</size>
         <input_file_ref idref="fl-a"/>
      </object_component>
      <object_component id="oc-9ab">
         <name>.text:fs_bytes_left</name>
         <load_address>0x8468</load_address>
         <run_address>0x8468</run_address>
         <size>0x16</size>
         <input_file_ref idref="fl-2"/>
      </object_component>
      <object_component id="oc-a3b">
         <name>.text:mem_cpy</name>
         <load_address>0x847e</load_address>
         <run_address>0x847e</run_address>
         <size>0x16</size>
         <input_file_ref idref="fl-7"/>
      </object_component>
      <object_component id="oc-83e">
         <name>.text:pbuf_ref</name>
         <load_address>0x8494</load_address>
         <run_address>0x8494</run_address>
         <size>0x16</size>
         <input_file_ref idref="fl-a"/>
      </object_component>
      <object_component id="oc-238">
         <name>.text:FlashUserGet</name>
         <load_address>0x84ac</load_address>
         <run_address>0x84ac</run_address>
         <size>0x14</size>
         <input_file_ref idref="fl-146"/>
      </object_component>
      <object_component id="oc-22c">
         <name>.text:SysTickEnable</name>
         <load_address>0x84c0</load_address>
         <run_address>0x84c0</run_address>
         <size>0x14</size>
         <input_file_ref idref="fl-14b"/>
      </object_component>
      <object_component id="oc-232">
         <name>.text:SysTickIntEnable</name>
         <load_address>0x84d4</load_address>
         <run_address>0x84d4</run_address>
         <size>0x14</size>
         <input_file_ref idref="fl-14b"/>
      </object_component>
      <object_component id="oc-42">
         <name>.text:SysTickIntHandler</name>
         <load_address>0x84e8</load_address>
         <run_address>0x84e8</run_address>
         <size>0x14</size>
         <input_file_ref idref="fl-3"/>
      </object_component>
      <object_component id="oc-387">
         <name>.text:UARTEnable</name>
         <load_address>0x84fc</load_address>
         <run_address>0x84fc</run_address>
         <size>0x14</size>
         <input_file_ref idref="fl-14c"/>
      </object_component>
      <object_component id="oc-9b9">
         <name>.text:fs_close</name>
         <load_address>0x8510</load_address>
         <run_address>0x8510</run_address>
         <size>0x14</size>
         <input_file_ref idref="fl-2"/>
      </object_component>
      <object_component id="oc-271">
         <name>.text</name>
         <load_address>0x8524</load_address>
         <run_address>0x8524</run_address>
         <size>0x14</size>
         <input_file_ref idref="fl-140"/>
      </object_component>
      <object_component id="oc-99f">
         <name>.text</name>
         <load_address>0x8538</load_address>
         <run_address>0x8538</run_address>
         <size>0x14</size>
         <input_file_ref idref="fl-13d"/>
      </object_component>
      <object_component id="oc-422">
         <name>.text:sys_arch_unprotect</name>
         <load_address>0x854c</load_address>
         <run_address>0x854c</run_address>
         <size>0x14</size>
         <input_file_ref idref="fl-a"/>
      </object_component>
      <object_component id="oc-81b">
         <name>.text:tcp_close</name>
         <load_address>0x8560</load_address>
         <run_address>0x8560</run_address>
         <size>0x14</size>
         <input_file_ref idref="fl-a"/>
      </object_component>
      <object_component id="oc-361">
         <name>.text:GPIOPinTypeEthernetLED</name>
         <load_address>0x8574</load_address>
         <run_address>0x8574</run_address>
         <size>0x12</size>
         <input_file_ref idref="fl-147"/>
      </object_component>
      <object_component id="oc-208">
         <name>.text:GPIOPinTypeUART</name>
         <load_address>0x8586</load_address>
         <run_address>0x8586</run_address>
         <size>0x12</size>
[...]
      </symbol>
      <symbol id="sm-1083">
         <name>lwip_init</name>
         <value>0x8651</value>
         <object_component_ref idref="oc-57c"/>
      </symbol>
      <symbol id="sm-1084">
         <name>lwIPEthernetIntHandler</name>
         <value>0x5991</value>
         <object_component_ref idref="oc-48"/>
      </symbol>
      <symbol id="sm-1085">
         <name>tcp_sent</name>
         <value>0x87a3</value>
         <object_component_ref idref="oc-768"/>
      </symbol>
      <symbol id="sm-1086">
         <name>tcp_tmr</name>
         <value>0x8149</value>
         <object_component_ref idref="oc-168"/>
      </symbol>
      <symbol id="sm-1087">
         <name>autoip_tmr</name>
         <value>0x4299</value>
         <object_component_ref idref="oc-16e"/>
      </symbol>
      <symbol id="sm-1088">
         <name>tcp_eff_send_mss</name>
         <value>0x8129</value>
         <object_component_ref idref="oc-813"/>
      </symbol>
      <symbol id="sm-1089">
         <name>tcp_process_refused_data</name>
         <value>0x64c9</value>
         <object_component_ref idref="oc-475"/>
      </symbol>
      <symbol id="sm-108a">
         <name>tcp_listen_with_backlog</name>
         <value>0x5275</value>
         <object_component_ref idref="oc-5c6"/>
      </symbol>
      <symbol id="sm-108b">
         <name>udp_remove</name>
         <value>0x7b61</value>
         <object_component_ref idref="oc-4fe"/>
      </symbol>
      <symbol id="sm-108c">
         <name>dhcp_rx_options_val</name>
         <value>0x2001d9e4</value>
         <object_component_ref idref="oc-6e9"/>
      </symbol>
      <symbol id="sm-108d">
         <name>udp_connect</name>
         <value>0x7005</value>
         <object_component_ref idref="oc-512"/>
      </symbol>
      <symbol id="sm-108e">
         <name>dhcp_arp_reply</name>
         <value>0x82c1</value>
         <object_component_ref idref="oc-609"/>
      </symbol>
      <symbol id="sm-108f">
         <name>netif_add</name>
         <value>0x6b55</value>
         <object_component_ref idref="oc-588"/>
      </symbol>
      <symbol id="sm-1090">
         <name>tcp_seg_copy</name>
         <value>0x7f9d</value>
         <object_component_ref idref="oc-9d3"/>
      </symbol>
      <symbol id="sm-1091">
         <name>netif_set_default</name>
         <value>0x86d9</value>
         <object_component_ref idref="oc-58e"/>
      </symbol>
      <symbol id="sm-1092">
         <name>tcp_accept</name>
         <value>0x879b</value>
         <object_component_ref idref="oc-5d2"/>
      </symbol>
      <symbol id="sm-1093">
         <name>sys_now</name>
         <value>0x8709</value>
         <object_component_ref idref="oc-85d"/>
      </symbol>
      <symbol id="sm-1094">
         <name>ip_route</name>
         <value>0x6d45</value>
         <object_component_ref idref="oc-72a"/>
      </symbol>
      <symbol id="sm-1095">
         <name>tcp_pcb_remove</name>
         <value>0x67e9</value>
         <object_component_ref idref="oc-7e3"/>
      </symbol>
      <symbol id="sm-1096">
         <name>g_RxDescList</name>
         <value>0x2001e2f4</value>
         <object_component_ref idref="oc-100"/>
      </symbol>
      <symbol id="sm-1097">
         <name>g_TxDescList</name>
         <value>0x2001e2e4</value>
         <object_component_ref idref="oc-100"/>
      </symbol>
      <symbol id="sm-1098">
         <name>tcp_debug_state_str</name>
         <value>0x8715</value>
         <object_component_ref idref="oc-90d"/>
      </symbol>
      <symbol id="sm-1099">
         <name>tcp_state_str</name>
         <value>0x8c64</value>
         <object_component_ref idref="oc-9c0"/>
      </symbol>
      <symbol id="sm-109a">
         <name>sys_timeout</name>
         <value>0x63f9</value>
         <object_component_ref idref="oc-857"/>
      </symbol>
      <symbol id="sm-109b">
         <name>etharp_tmr</name>
         <value>0x758d</value>
         <object_component_ref idref="oc-162"/>
      </symbol>
      <symbol id="sm-109c">
         <name>tcp_abort</name>
         <value>0x8773</value>
         <object_component_ref idref="oc-681"/>
      </symbol>
      <symbol id="sm-109d">
         <name>mem_trim</name>
         <value>0x3f0d</value>
         <object_component_ref idref="oc-7bd"/>
      </symbol>
      <symbol id="sm-109e">
         <name>dhcp_renew</name>
         <value>0x5911</value>
         <object_component_ref idref="oc-4ca"/>
      </symbol>
      <symbol id="sm-109f">
         <name>tcp_setprio</name>
         <value>0x87a7</value>
         <object_component_ref idref="oc-5ba"/>
      </symbol>
      <symbol id="sm-10a0">
         <name>lwip_stats</name>
         <value>0x2001d770</value>
         <object_component_ref idref="oc-2cc"/>
      </symbol>
      <symbol id="sm-110e">
         <name>UARTStdioConfig</name>
         <value>0x672d</value>
         <object_component_ref idref="oc-1f6"/>
      </symbol>
      <symbol id="sm-110f">
         <name>UARTwrite</name>
         <value>0x70e5</value>
         <object_component_ref idref="oc-554"/>
      </symbol>
      <symbol id="sm-1110">
         <name>UARTprintf</name>
         <value>0x828d</value>
         <object_component_ref idref="oc-214"/>
      </symbol>
      <symbol id="sm-1111">
         <name>UARTvprintf</name>
         <value>0x21d1</value>
         <object_component_ref idref="oc-38f"/>
      </symbol>
      <symbol id="sm-1159">
         <name>uvsnprintf</name>
         <value>0x1945</value>
         <object_component_ref idref="oc-644"/>
      </symbol>
      <symbol id="sm-115a">
         <name>ustrncpy</name>
         <value>0x7d7d</value>
         <object_component_ref idref="oc-804"/>
      </symbol>
      <symbol id="sm-115b">
         <name>usprintf</name>
         <value>0x8169</value>
         <object_component_ref idref="oc-465"/>
      </symbol>
      <symbol id="sm-116d">
         <name>_c_int00</name>
         <value>0x6d95</value>
         <object_component_ref idref="oc-24"/>
      </symbol>
      <symbol id="sm-116e">
         <name>__stack</name>
         <value>0x2001dae0</value>
         <object_component_ref idref="oc-29"/>
      </symbol>
      <symbol id="sm-1185">
         <name>__TI_decompress_none</name>
         <value>0x868f</value>
         <object_component_ref idref="oc-12"/>
      </symbol>
      <symbol id="sm-11a8">
         <name>__TI_decompress_rle24</name>
         <value>0x876d</value>
         <object_component_ref idref="oc-18"/>
      </symbol>
      <symbol id="sm-11ba">
         <name>__TI_zero_init</name>
         <value>0x86c1</value>
         <object_component_ref idref="oc-1e"/>
      </symbol>
      <symbol id="sm-11d9">
         <name>C$$EXIT</name>
         <value>0x743d</value>
         <object_component_ref idref="oc-88"/>
      </symbol>
      <symbol id="sm-11da">
         <name>abort</name>
         <value>0x7441</value>
         <object_component_ref idref="oc-88"/>
      </symbol>
      <symbol id="sm-11db">
         <name>exit</name>
         <value>0x7449</value>
         <object_component_ref idref="oc-88"/>
      </symbol>
      <symbol id="sm-11dc">
         <name>__TI_dtors_ptr</name>
         <value>0x2001e350</value>
         <object_component_ref idref="oc-f8"/>
      </symbol>
      <symbol id="sm-11dd">
         <name>__TI_cleanup_ptr</name>
         <value>0x2001e34c</value>
         <object_component_ref idref="oc-f8"/>
      </symbol>
      <symbol id="sm-11ed">
         <name>memcmp</name>
         <value>0x8007</value>
         <object_component_ref idref="oc-436"/>
      </symbol>
      <symbol id="sm-1208">
         <name>memcpy</name>
         <value>0x51d9</value>
         <object_component_ref idref="oc-51"/>
      </symbol>
      <symbol id="sm-1209">
         <name>__aeabi_memcpy</name>
         <value>0x51d9</value>
         <object_component_ref idref="oc-51"/>
      </symbol>
      <symbol id="sm-120a">
         <name>__aeabi_memcpy8</name>
         <value>0x51d9</value>
         <object_component_ref idref="oc-51"/>
      </symbol>
      <symbol id="sm-120b">
         <name>__aeabi_memcpy4</name>
         <value>0x51d9</value>
         <object_component_ref idref="oc-51"/>
      </symbol>
      <symbol id="sm-121a">
         <name>__aeabi_memset</name>
         <value>0x5d7f</value>
         <object_component_ref idref="oc-6a"/>
      </symbol>
      <symbol id="sm-121b">
         <name>memset</name>
         <value>0x5d85</value>
         <object_component_ref idref="oc-6a"/>
      </symbol>
      <symbol id="sm-121c">
         <name>__aeabi_memset8</name>
         <value>0x5d7f</value>
         <object_component_ref idref="oc-6a"/>
      </symbol>
      <symbol id="sm-121d">
         <name>__aeabi_memset4</name>
         <value>0x5d7f</value>
         <object_component_ref idref="oc-6a"/>
      </symbol>
      <symbol id="sm-121e">
         <name>__aeabi_memclr8</name>
         <value>0x5d7d</value>
         <object_component_ref idref="oc-6a"/>
      </symbol>
      <symbol id="sm-121f">
         <name>__aeabi_memclr4</name>
         <value>0x5d7d</value>
         <object_component_ref idref="oc-6a"/>
      </symbol>
      <symbol id="sm-1220">
         <name>__aeabi_memclr</name>
         <value>0x5d7d</value>
         <object_component_ref idref="oc-6a"/>
      </symbol>
      <symbol id="sm-122a">
         <name>_system_pre_init</name>
         <value>0x8797</value>
         <object_component_ref idref="oc-76"/>
      </symbol>
      <symbol id="sm-1232">
         <name>main_func_sp</name>
         <value>0x2001e35c</value>
         <object_component_ref idref="oc-8e"/>
      </symbol>
      <symbol id="sm-1240">
         <name>strlen</name>
         <value>0x8539</value>
         <object_component_ref idref="oc-99f"/>
      </symbol>
      <symbol id="sm-1250">
         <name>strncmp</name>
         <value>0x7ee5</value>
         <object_component_ref idref="oc-992"/>
      </symbol>
      <symbol id="sm-1262">
         <name>__aeabi_uidivmod</name>
         <value>0x75cd</value>
         <object_component_ref idref="oc-55a"/>
      </symbol>
      <symbol id="sm-1263">
         <name>__aeabi_uidiv</name>
         <value>0x75cd</value>
         <object_component_ref idref="oc-55a"/>
      </symbol>
      <symbol id="sm-127c">
         <name>_nop</name>
         <value>0x8533</value>
         <object_component_ref idref="oc-271"/>
      </symbol>
      <symbol id="sm-127d">
         <name>_lock</name>
         <value>0x2001e344</value>
         <object_component_ref idref="oc-f5"/>
      </symbol>
      <symbol id="sm-127e">
         <name>_unlock</name>
         <value>0x2001e348</value>
         <object_component_ref idref="oc-f5"/>
      </symbol>
      <symbol id="sm-127f">
         <name>_register_lock</name>
         <value>0x852b</value>
         <object_component_ref idref="oc-271"/>
      </symbol>
      <symbol id="sm-1280">
         <name>_register_unlock</name>
         <value>0x8525</value>
         <object_component_ref idref="oc-271"/>
      </symbol>
      <symbol id="sm-1295">
         <name>_args_main</name>
         <value>0x839d</value>
         <object_component_ref idref="oc-82"/>
      </symbol>
      <symbol id="sm-12bb">
         <name>__TI_auto_init</name>
         <value>0x6119</value>
         <object_component_ref idref="oc-7c"/>
      </symbol>
      <symbol id="sm-12d5">
         <name>copy_in</name>
         <value>0x6f21</value>
         <object_component_ref idref="oc-e5"/>
      </symbol>
      <symbol id="sm-12df">
         <name>__aeabi_idiv0</name>
         <value>0x37e7</value>
         <object_component_ref idref="oc-6f2"/>
      </symbol>
      <symbol id="sm-13a8">
         <name>EMACConfigSet</name>
         <value>0x76fd</value>
         <object_component_ref idref="oc-2ac"/>
      </symbol>
      <symbol id="sm-13a9">
         <name>EMACTxEnable</name>
         <value>0x8411</value>
         <object_component_ref idref="oc-89b"/>
      </symbol>
      <symbol id="sm-13aa">
         <name>EMACRxDMADescriptorListSet</name>
         <value>0x8743</value>
         <object_component_ref idref="oc-967"/>
      </symbol>
      <symbol id="sm-13ab">
         <name>EMACPHYConfigSet</name>
         <value>0x68f9</value>
         <object_component_ref idref="oc-3a3"/>
      </symbol>
      <symbol id="sm-13ac">
         <name>EMACPHYRead</name>
         <value>0x7e4d</value>
         <object_component_ref idref="oc-294"/>
      </symbol>
      <symbol id="sm-13ad">
         <name>EMACTimestampIntStatus</name>
         <value>0x8749</value>
         <object_component_ref idref="oc-ac"/>
      </symbol>
      <symbol id="sm-13ae">
         <name>EMACRxEnable</name>
         <value>0x83fb</value>
         <object_component_ref idref="oc-8a1"/>
      </symbol>
      <symbol id="sm-13af">
         <name>EMACPowerManagementStatusGet</name>
         <value>0x872b</value>
         <object_component_ref idref="oc-a6"/>
      </symbol>
      <symbol id="sm-13b0">
         <name>EMACIntClear</name>
         <value>0x7961</value>
         <object_component_ref idref="oc-895"/>
      </symbol>
      <symbol id="sm-13b1">
         <name>EMACConfigGet</name>
         <value>0x792d</value>
         <object_component_ref idref="oc-2a6"/>
      </symbol>
      <symbol id="sm-13b2">
         <name>EMACInit</name>
         <value>0x5df9</value>
         <object_component_ref idref="oc-3a9"/>
      </symbol>
      <symbol id="sm-13b3">
         <name>EMACIntEnable</name>
         <value>0x7689</value>
         <object_component_ref idref="oc-8a7"/>
      </symbol>
      <symbol id="sm-13b4">
         <name>EMACPHYWrite</name>
         <value>0x7e73</value>
         <object_component_ref idref="oc-889"/>
      </symbol>
      <symbol id="sm-13b5">
         <name>EMACReset</name>
         <value>0x83e5</value>
         <object_component_ref idref="oc-571"/>
      </symbol>
      <symbol id="sm-13b6">
         <name>EMACFrameFilterSet</name>
         <value>0x85e1</value>
         <object_component_ref idref="oc-88f"/>
      </symbol>
      <symbol id="sm-13b7">
         <name>EMACTxDMAPollDemand</name>
         <value>0x8733</value>
         <object_component_ref idref="oc-8cd"/>
      </symbol>
      <symbol id="sm-13b8">
         <name>EMACAddrGet</name>
         <value>0x81a9</value>
         <object_component_ref idref="oc-87d"/>
      </symbol>
      <symbol id="sm-13b9">
         <name>EMACTxDMADescriptorListSet</name>
         <value>0x874f</value>
         <object_component_ref idref="oc-96d"/>
      </symbol>
      <symbol id="sm-13ba">
         <name>EMACIntStatus</name>
         <value>0x7c4b</value>
         <object_component_ref idref="oc-a0"/>
      </symbol>
      <symbol id="sm-13c9">
         <name>FlashUserGet</name>
         <value>0x84ad</value>
         <object_component_ref idref="oc-238"/>
      </symbol>
      <symbol id="sm-141b">
         <name>GPIOPinConfigure</name>
         <value>0x709d</value>
         <object_component_ref idref="oc-202"/>
      </symbol>
      <symbol id="sm-141c">
         <name>GPIOPinTypeUART</name>
         <value>0x8587</value>
         <object_component_ref idref="oc-208"/>
      </symbol>
      <symbol id="sm-141d">
         <name>GPIOPinTypeGPIOOutput</name>
         <value>0x82f5</value>
         <object_component_ref idref="oc-21a"/>
      </symbol>
      <symbol id="sm-141e">
         <name>GPIOPinRead</name>
         <value>0x8755</value>
         <object_component_ref idref="oc-262"/>
      </symbol>
      <symbol id="sm-141f">
         <name>GPIODirModeSet</name>
         <value>0x7d29</value>
         <object_component_ref idref="oc-37a"/>
      </symbol>
      <symbol id="sm-1420">
         <name>GPIOPinWrite</name>
         <value>0x875b</value>
         <object_component_ref idref="oc-220"/>
      </symbol>
      <symbol id="sm-1421">
         <name>GPIOPadConfigSet</name>
         <value>0x3473</value>
         <object_component_ref idref="oc-35b"/>
      </symbol>
      <symbol id="sm-1422">
         <name>GPIOPinTypeEthernetLED</name>
         <value>0x8575</value>
         <object_component_ref idref="oc-361"/>
      </symbol>
      <symbol id="sm-1463">
         <name>IntPrioritySet</name>
         <value>0x7f31</value>
         <object_component_ref idref="oc-25c"/>
      </symbol>
      <symbol id="sm-1464">
         <name>IntEnable</name>
         <value>0x61f1</value>
         <object_component_ref idref="oc-8ad"/>
      </symbol>
      <symbol id="sm-1465">
         <name>IntMasterEnable</name>
         <value>0x85f1</value>
         <object_component_ref idref="oc-8b3"/>
      </symbol>
      <symbol id="sm-14f8">
         <name>SysCtlDelay</name>
         <value>0x8767</value>
         <object_component_ref idref="oc-570"/>
      </symbol>
      <symbol id="sm-14f9">
         <name>SysCtlMOSCConfigSet</name>
         <value>0x86a9</value>
         <object_component_ref idref="oc-1e4"/>
      </symbol>
      <symbol id="sm-14fa">
         <name>SysCtlPeripheralEnable</name>
         <value>0x7995</value>
         <object_component_ref idref="oc-1fc"/>
      </symbol>
      <symbol id="sm-14fb">
         <name>SysCtlPeripheralReady</name>
         <value>0x776d</value>
         <object_component_ref idref="oc-56a"/>
      </symbol>
      <symbol id="sm-14fc">
         <name>SysCtlClockFreqSet</name>
         <value>0x1fd1</value>
         <object_component_ref idref="oc-1ea"/>
      </symbol>
      <symbol id="sm-14fd">
         <name>SysCtlPeripheralReset</name>
         <value>0x6cf5</value>
         <object_component_ref idref="oc-564"/>
      </symbol>
      <symbol id="sm-1520">
         <name>SysTickEnable</name>
         <value>0x84c1</value>
         <object_component_ref idref="oc-22c"/>
      </symbol>
      <symbol id="sm-1521">
         <name>SysTickIntEnable</name>
         <value>0x84d5</value>
         <object_component_ref idref="oc-232"/>
      </symbol>
      <symbol id="sm-1522">
         <name>SysTickPeriodSet</name>
         <value>0x8601</value>
         <object_component_ref idref="oc-226"/>
      </symbol>
      <symbol id="sm-154b">
         <name>UARTCharPutNonBlocking</name>
         <value>0x8681</value>
         <object_component_ref idref="oc-98c"/>
      </symbol>
      <symbol id="sm-154c">
         <name>UARTConfigSetExpClk</name>
         <value>0x7325</value>
         <object_component_ref idref="oc-20e"/>
      </symbol>
      <symbol id="sm-154d">
         <name>UARTDisable</name>
         <value>0x8049</value>
         <object_component_ref idref="oc-381"/>
      </symbol>
      <symbol id="sm-154e">
         <name>UARTEnable</name>
         <value>0x84fd</value>
         <object_component_ref idref="oc-387"/>
      </symbol>
      <symbol id="sm-1558">
         <name>CPUcpsie</name>
         <value>0x869d</value>
         <object_component_ref idref="oc-97e"/>
      </symbol>
      <symbol id="sm-1559">
         <name>__TI_static_base__</name>
         <value>0x0</value>
      </symbol>
      <symbol id="sm-155c">
         <name>SHT$$INIT_ARRAY$$Limit</name>
         <value>0x0</value>
      </symbol>
      <symbol id="sm-155d">
         <name>SHT$$INIT_ARRAY$$Base</name>
         <value>0x0</value>
      </symbol>
   </symbol_table>
   <title>Link successful</title>
</link_info>
