******************************************************************************
                  TI ARM Linker PC v5.2.5                      
******************************************************************************
>> Linked Tue May 23 16:46:52 2017

OUTPUT FILE NAME:   <enet_lwip.out>
ENTRY POINT SYMBOL: "_c_int00"  address: 00006d95


MEMORY CONFIGURATION

         name            origin    length      used     unused   attr    fill
----------------------  --------  ---------  --------  --------  ----  --------
  FLASH                 00000000   00100000  00008d46  000f72ba  R  X
  SRAM                  20000000   00040000  0001e360  00021ca0  RW X


SEGMENT ALLOCATION MAP

run origin  load origin   length   init length attrs members
----------  ----------- ---------- ----------- ----- -------
00000000    00000000    00008d48   00008d48    r-x
  00000000    00000000    00000200   00000200    r-- .intvecs
  00000200    00000200    000085aa   000085aa    r-x .text
  000087ac    000087ac    00000534   00000534    r-- .const
  00008ce0    00008ce0    00000068   00000068    r-- .cinit
20000000    20000000    0001e360   00000000    rw-
  20000000    20000000    0001dae0   00000000    rw- .bss
  2001dae0    2001dae0    00000800   00000000    rw- .stack
  2001e2e0    2001e2e0    00000080   00000000    rw- .data


SECTION ALLOCATION MAP

 output                                  attributes/
section   page    origin      length       input sections
--------  ----  ----------  ----------   ----------------
.intvecs   0    00000000    00000200     
                  00000000    00000200     startup_ccs.obj (.intvecs)

.text      0    00000200    000085aa     
                  00000200    000007bc     lwiplib.obj (.text:tcp_receive)
                  000009bc    000003b0     lwiplib.obj (.text:tcp_input)
                  00000d6c    000003b0     lwiplib.obj (.text:tcp_process)
                  0000111c    000002ec     lwiplib.obj (.text:tcp_write)
                  00001408    000002c8     lwiplib.obj (.text:tcp_slowtmr)
                  000016d0    00000274     httpd.obj (.text:http_send_data)
                  00001944    0000024d     ustdlib.obj (.text:uvsnprintf)
                  00001b91    00000001     --HOLE-- [fill = 0]
                  00001b92    00000002     startup_ccs.obj (.text:FaultISR)
                  00001b94    00000228     lwiplib.obj (.text:dhcp_parse_reply)
                  00001dbc    00000214     pinout.obj (.text:PinoutSet)
                  00001fd0    00000200     driverlib.lib : sysctl.obj (.text:SysCtlClockFreqSet)
                  000021d0    000001ea     uartstdio.obj (.text:UARTvprintf)
                  000023ba    00000002     startup_ccs.obj (.text:IntDefaultHandler)
                  000023bc    000001dc     lwiplib.obj (.text:ip_input)
                  00002598    000001cc     enet_lwip.obj (.text:main)
                  00002764    000001c8     httpd.obj (.text:http_parse_request)
                  0000292c    000001c4     lwiplib.obj (.text:udp_input)
                  00002af0    00000190     lwiplib.obj (.text:tcp_output)
                  00002c80    00000184     lwiplib.obj (.text:icmp_input)
                  00002e04    0000015e     ff.obj (.text:f_read)
                  00002f62    00000002     startup_ccs.obj (.text:NmiSR)
                  00002f64    00000150     lwiplib.obj (.text:etharp_arp_input)
                  000030b4    00000148     lwiplib.obj (.text:tcp_close_shutdown)
                  000031fc    00000140     lwiplib.obj (.text:tivaif_receive)
                  0000333c    00000136     lwiplib.obj (.text:pbuf_alloc)
                  00003472    00000132     driverlib.lib : gpio.obj (.text:GPIOPadConfigSet)
                  000035a4    00000124     lwiplib.obj (.text:dhcp_create_msg)
                  000036c8    0000011d     httpd.obj (.text:http_recv)
                  000037e5    00000001     --HOLE-- [fill = 0]
                  000037e6    00000002     rtsv7M4_T_le_v4SPD16_eabi.lib : i_div0.obj (.text)
                  000037e8    0000011c     lwiplib.obj (.text:etharp_output)
                  00003904    00000114     lwiplib.obj (.text:etharp_query)
                  00003a18    00000114     lwiplib.obj (.text:tcp_listen_input)
                  00003b2c    00000100     httpd.obj (.text:http_poll)
                  00003c2c    00000100     lwiplib.obj (.text:tivaif_transmit)
                  00003d2c    000000f8     lwiplib.obj (.text:mem_malloc)
                  00003e24    000000e8     lwiplib.obj (.text:lwIPInit)
                  00003f0c    000000e8     lwiplib.obj (.text:mem_trim)
                  00003ff4    000000e5     httpd.obj (.text:http_write)
                  000040d9    00000003     --HOLE-- [fill = 0]
                  000040dc    000000e0     lwiplib.obj (.text:etharp_find_entry)
                  000041bc    000000dc     lwiplib.obj (.text:etharp_raw)
                  00004298    000000d4     lwiplib.obj (.text:autoip_tmr)
                  0000436c    000000d0     lwiplib.obj (.text:tcp_alloc)
                  0000443c    000000cc     lwiplib.obj (.text:dhcp_recv)
                  00004508    000000cc     lwiplib.obj (.text:dhcp_select)
                  000045d4    000000cc     ff.obj (.text:get_fat)
                  000046a0    000000c8     lwiplib.obj (.text:dhcp_bind)
                  00004768    000000c8     lwiplib.obj (.text:udp_sendto_if)
                  00004830    000000c4     lwiplib.obj (.text:InitDMADescriptors)
                  000048f4    000000c0     lwiplib.obj (.text:tcp_output_segment)
                  000049b4    000000bc     lwiplib.obj (.text:dhcp_discover)
                  00004a70    000000bc     mmc-ek-tm4c1294xl.obj (.text:disk_write)
                  00004b2c    000000bc     lwiplib.obj (.text:tcp_create_segment)
                  00004be8    000000bc     lwiplib.obj (.text:tivaif_hwinit)
                  00004ca4    000000b0     lwiplib.obj (.text:lwIPServiceTimers)
                  00004d54    000000a8     lwiplib.obj (.text:dhcp_start)
                  00004dfc    000000a8     enet_lwip.obj (.text:lwIPHostTimerHandler)
                  00004ea4    000000a8     lwiplib.obj (.text:tcp_enqueue_flags)
                  00004f4c    000000a4     lwiplib.obj (.text:dhcp_release)
                  00004ff0    000000a4     lwiplib.obj (.text:ethernet_input)
                  00005094    000000a4     lwiplib.obj (.text:ip_output_if)
                  00005138    000000a0     httpd.obj (.text:http_accept)
                  000051d8    0000009c     rtsv7M4_T_le_v4SPD16_eabi.lib : memcpy_t2.obj (.text)
                  00005274    0000009c     lwiplib.obj (.text:tcp_listen_with_backlog)
                  00005310    00000098     lwiplib.obj (.text:dhcp_reboot)
                  000053a8    00000094     httpd.obj (.text:http_close_conn)
                  0000543c    00000092     lwiplib.obj (.text:pbuf_copy)
                  000054ce    00000002     --HOLE-- [fill = 0]
                  000054d0    00000090     mmc-ek-tm4c1294xl.obj (.text:disk_read)
                  00005560    00000090     lwiplib.obj (.text:tcp_abandon)
                  000055f0    0000008c     lwiplib.obj (.text:tcp_zero_window_probe)
                  0000567c    00000088     locator.obj (.text:LocatorReceive)
                  00005704    00000084     lwiplib.obj (.text:lwIPLinkDetect)
                  00005788    00000084     lwiplib.obj (.text:tcp_timewait_input)
                  0000580c    00000082     lwiplib.obj (.text:autoip_arp_reply)
                  0000588e    00000002     --HOLE-- [fill = 0]
                  00005890    00000080     lwiplib.obj (.text:dhcp_rebind)
                  00005910    00000080     lwiplib.obj (.text:dhcp_renew)
                  00005990    00000080     lwiplib.obj (.text:lwIPEthernetIntHandler)
                  00005a10    00000080     lwiplib.obj (.text:lwIPPrivateInit)
                  00005a90    00000080     lwiplib.obj (.text:tcp_parseopt)
                  00005b10    0000007c     lwiplib.obj (.text:dhcp_handle_ack)
                  00005b8c    0000007c     lwiplib.obj (.text:dhcp_timeout)
                  00005c08    0000007c     lwiplib.obj (.text:tcp_bind)
                  00005c84    0000007c     lwiplib.obj (.text:tcp_rst)
                  00005d00    0000007c     lwiplib.obj (.text:tivaif_process_phy_interrupt)
                  00005d7c    0000007a     rtsv7M4_T_le_v4SPD16_eabi.lib : memset_t2.obj (.text)
                  00005df6    00000002     --HOLE-- [fill = 0]
                  00005df8    00000078     driverlib.lib : emac.obj (.text:EMACInit)
                  00005e70    00000078     lwiplib.obj (.text:tcp_oos_insert_segment)
                  00005ee8    00000074     lwiplib.obj (.text:etharp_update_arp_entry)
                  00005f5c    00000074     lwiplib.obj (.text:raw_input)
                  00005fd0    00000070     lwiplib.obj (.text:tcp_fasttmr)
                  00006040    0000006c     lwiplib.obj (.text:icmp_send_response)
                  000060ac    0000006c     lwiplib.obj (.text:memp_init)
                  00006118    0000006c     rtsv7M4_T_le_v4SPD16_eabi.lib : autoinit.obj (.text)
                  00006184    0000006a                                   : copy_decompress_rle.obj (.text)
                  000061ee    00000002     --HOLE-- [fill = 0]
                  000061f0    00000068     driverlib.lib : interrupt.obj (.text:IntEnable)
                  00006258    00000068     lwiplib.obj (.text:dhcp_decline)
                  000062c0    00000068     lwiplib.obj (.text:lwip_standard_chksum)
                  00006328    00000068     lwiplib.obj (.text:netif_set_ipaddr)
                  00006390    00000068     lwiplib.obj (.text:pbuf_copy_partial)
                  000063f8    00000068     lwiplib.obj (.text:sys_timeout)
                  00006460    00000068     lwiplib.obj (.text:tcp_output_alloc_header)
                  000064c8    00000068     lwiplib.obj (.text:tcp_process_refused_data)
                  00006530    00000068     lwiplib.obj (.text:udp_bind)
                  00006598    00000066     mmc-ek-tm4c1294xl.obj (.text:send_cmd)
                  000065fe    00000002     --HOLE-- [fill = 0]
                  00006600    00000064     lwiplib.obj (.text:mem_free)
                  00006664    00000064     lwiplib.obj (.text:plug_holes)
                  000066c8    00000062     lwiplib.obj (.text:pbuf_header)
                  0000672a    00000002     --HOLE-- [fill = 0]
                  0000672c    00000060     uartstdio.obj (.text:UARTStdioConfig)
                  0000678c    0000005c     lwiplib.obj (.text:mem_init)
                  000067e8    0000005c     lwiplib.obj (.text:tcp_pcb_remove)
                  00006844    0000005a     lwiplib.obj (.text:inet_chksum_pbuf)
                  0000689e    0000005a     lwiplib.obj (.text:pbuf_realloc)
                  000068f8    00000058     driverlib.lib : emac.obj (.text:EMACPHYConfigSet)
                  00006950    00000058     lwiplib.obj (.text:autoip_start)
                  000069a8    00000058     lwiplib.obj (.text:memp_malloc)
                  00006a00    00000056     ff.obj (.text:sync_window)
                  00006a56    00000056     lwiplib.obj (.text:tcp_rexmit)
                  00006aac    00000054     locator.obj (.text:LocatorInit)
                  00006b00    00000054     lwiplib.obj (.text:autoip_create_addr)
                  00006b54    00000054     lwiplib.obj (.text:netif_add)
                  00006ba8    00000054     lwiplib.obj (.text:tcp_new_port)
                  00006bfc    00000052     lwiplib.obj (.text:tcp_pbuf_prealloc)
                  00006c4e    00000052     lwiplib.obj (.text:tivaif_process_transmit)
                  00006ca0    00000052     mmc-ek-tm4c1294xl.obj (.text:xmit_datablock)
                  00006cf2    00000002     --HOLE-- [fill = 0]
                  00006cf4    00000050     driverlib.lib : sysctl.obj (.text:SysCtlPeripheralReset)
                  00006d44    00000050     lwiplib.obj (.text:ip_route)
                  00006d94    00000050     rtsv7M4_T_le_v4SPD16_eabi.lib : boot.obj (.text)
                  00006de4    00000050     lwiplib.obj (.text:sys_timeouts_init)
                  00006e34    00000050     lwiplib.obj (.text:tcp_write_checks)
                  00006e84    0000004e     lwiplib.obj (.text:autoip_start_probing)
                  00006ed2    0000004e     lwiplib.obj (.text:pbuf_free)
                  00006f20    0000004c     rtsv7M4_T_le_v4SPD16_eabi.lib : cpy_tbl.obj (.text)
                  00006f6c    0000004c     httpd.obj (.text:strnstr)
                  00006fb8    0000004c     lwiplib.obj (.text:tivaif_interrupt)
                  00007004    0000004c     lwiplib.obj (.text:udp_connect)
                  00007050    0000004c     lwiplib.obj (.text:udp_new_port)
                  0000709c    00000048     driverlib.lib : gpio.obj (.text:GPIOPinConfigure)
                  000070e4    00000048     uartstdio.obj (.text:UARTwrite)
                  0000712c    00000048     driverlib.lib : sysctl.obj (.text:_SysCtlFrequencyGet)
                  00007174    00000048     lwiplib.obj (.text:etharp_output_to_arp_index)
                  000071bc    00000048     lwiplib.obj (.text:ip_output)
                  00007204    00000048     mmc-ek-tm4c1294xl.obj (.text:rcvr_datablock)
                  0000724c    00000048     lwiplib.obj (.text:tcp_kill_prio)
                  00007294    00000048     lwiplib.obj (.text:tcp_rexmit_fast)
                  000072dc    00000048     lwiplib.obj (.text:tivaif_check_pbuf)
                  00007324    00000046     driverlib.lib : uart.obj (.text:UARTConfigSetExpClk)
                  0000736a    00000046     enet_fs.obj (.text:fs_read)
                  000073b0    00000046     lwiplib.obj (.text:tcp_send_empty_ack)
                  000073f6    00000046     lwiplib.obj (.text:tcp_send_fin)
                  0000743c    00000044     rtsv7M4_T_le_v4SPD16_eabi.lib : exit.obj (.text)
                  00007480    00000044     lwiplib.obj (.text:tcp_keepalive)
                  000074c4    00000042     lwiplib.obj (.text:dhcp_network_changed)
                  00007506    00000042     lwiplib.obj (.text:dhcp_option_long)
                  00007548    00000042     lwiplib.obj (.text:tcp_pcb_purge)
                  0000758a    00000002     --HOLE-- [fill = 0]
                  0000758c    00000040     lwiplib.obj (.text:etharp_tmr)
                  000075cc    00000040     rtsv7M4_T_le_v4SPD16_eabi.lib : u_divt2.obj (.text)
                  0000760c    0000003e     lwiplib.obj (.text:netif_set_link_up)
                  0000764a    00000002     --HOLE-- [fill = 0]
                  0000764c    0000003c     lwiplib.obj (.text:dhcp_coarse_tmr)
                  00007688    0000003a     driverlib.lib : emac.obj (.text:EMACIntEnable)
                  000076c2    00000002     --HOLE-- [fill = 0]
                  000076c4    00000038     enet_lwip.obj (.text:DisplayIPAddress)
                  000076fc    00000038     driverlib.lib : emac.obj (.text:EMACConfigSet)
                  00007734    00000038     locator.obj (.text:LocatorAppTitleSet)
                  0000776c    00000038     driverlib.lib : sysctl.obj (.text:SysCtlPeripheralReady)
                  000077a4    00000038     lwiplib.obj (.text:dhcp_fine_tmr)
                  000077dc    00000038     lwiplib.obj (.text:dhcp_handle_nak)
                  00007814    00000038     lwiplib.obj (.text:dhcp_stop)
                  0000784c    00000038     httpd.obj (.text:httpd_init_addr)
                  00007884    00000038     lwiplib.obj (.text:memp_free)
                  000078bc    00000038     lwiplib.obj (.text:tcpip_tcp_timer)
                  000078f4    00000038     lwiplib.obj (.text:udp_sendto)
                  0000792c    00000034     driverlib.lib : emac.obj (.text:EMACConfigGet)
                  00007960    00000034                   : emac.obj (.text:EMACIntClear)
                  00007994    00000034                   : sysctl.obj (.text:SysCtlPeripheralEnable)
                  000079c8    00000034     lwiplib.obj (.text:autoip_arp_probe)
                  000079fc    00000034     lwiplib.obj (.text:tcp_kill_timewait)
                  00007a30    00000034     lwiplib.obj (.text:tcp_timer_needed)
                  00007a64    00000034     lwiplib.obj (.text:tivaif_init)
                  00007a98    00000032     lwiplib.obj (.text:ip4_addr_isbroadcast)
                  00007aca    00000032     mmc-ek-tm4c1294xl.obj (.text:send_cmd12)
                  00007afc    00000032     lwiplib.obj (.text:tcp_recved)
                  00007b2e    00000030     lwiplib.obj (.text:tcp_update_rcv_ann_wnd)
                  00007b5e    00000002     --HOLE-- [fill = 0]
                  00007b60    00000030     lwiplib.obj (.text:udp_remove)
                  00007b90    0000002e     lwiplib.obj (.text:dhcp_option_trailer)
                  00007bbe    00000002     --HOLE-- [fill = 0]
                  00007bc0    0000002e     httpd.obj (.text:http_sent)
                  00007bee    0000002e     ff.obj (.text:move_window)
                  00007c1c    0000002e     lwiplib.obj (.text:tcp_rexmit_rto)
                  00007c4a    0000002c     driverlib.lib : emac.obj (.text:EMACIntStatus)
                  00007c76    00000002     --HOLE-- [fill = 0]
                  00007c78    0000002c     lwiplib.obj (.text:autoip_arp_announce)
                  00007ca4    0000002c     lwiplib.obj (.text:dhcp_handle_offer)
                  00007cd0    0000002c     lwiplib.obj (.text:etharp_request)
                  00007cfc    0000002c     mmc-ek-tm4c1294xl.obj (.text:rcvr_spi)
                  00007d28    0000002a     driverlib.lib : gpio.obj (.text:GPIODirModeSet)
                  00007d52    0000002a     lwiplib.obj (.text:autoip_bind)
                  00007d7c    0000002a     ustdlib.obj (.text:ustrncpy)
                  00007da6    00000002     --HOLE-- [fill = 0]
                  00007da8    00000029     httpd.obj (.text:http_err)
                  00007dd1    00000003     --HOLE-- [fill = 0]
                  00007dd4    00000028     lwiplib.obj (.text:etharp_cleanup_netif)
                  00007dfc    00000028     lwiplib.obj (.text:pbuf_cat)
                  00007e24    00000028     ff.obj (.text:validate)
                  00007e4c    00000026     driverlib.lib : emac.obj (.text:EMACPHYRead)
                  00007e72    00000026                   : emac.obj (.text:EMACPHYWrite)
                  00007e98    00000026     lwiplib.obj (.text:dhcp_check)
                  00007ebe    00000026     httpd.obj (.text:http_state_free)
                  00007ee4    00000026     rtsv7M4_T_le_v4SPD16_eabi.lib : strncmp.obj (.text)
                  00007f0a    00000026     lwiplib.obj (.text:tcp_recv_null)
                  00007f30    00000024     driverlib.lib : interrupt.obj (.text:IntPrioritySet)
                  00007f54    00000024     lwiplib.obj (.text:etharp_free_entry)
                  00007f78    00000024     lwiplib.obj (.text:netif_set_up)
                  00007f9c    00000024     lwiplib.obj (.text:tcp_seg_copy)
                  00007fc0    00000024     mmc-ek-tm4c1294xl.obj (.text:xmit_spi)
                  00007fe4    00000022     lwiplib.obj (.text:dhcp_option_short)
                  00008006    00000022     rtsv7M4_T_le_v4SPD16_eabi.lib : memcmp.obj (.text)
                  00008028    00000020     locator.obj (.text:LocatorMACAddrSet)
                  00008048    00000020     driverlib.lib : uart.obj (.text:UARTDisable)
                  00008068    00000020                   : sysctl.obj (.text:_SysCtlMemTimingGet)
                  00008088    00000020     lwiplib.obj (.text:autoip_handle_arp_conflict)
                  000080a8    00000020     lwiplib.obj (.text:dhcp_option)
                  000080c8    00000020     lwiplib.obj (.text:etharp_send_ip)
                  000080e8    00000020     httpd.obj (.text:httpd_init)
                  00008108    00000020     lwiplib.obj (.text:lwIPTimer)
                  00008128    00000020     lwiplib.obj (.text:tcp_eff_send_mss)
                  00008148    00000020     lwiplib.obj (.text:tcp_tmr)
                  00008168    00000020     ustdlib.obj (.text:usprintf)
                  00008188    00000020     mmc-ek-tm4c1294xl.obj (.text:wait_ready)
                  000081a8    0000001e     driverlib.lib : emac.obj (.text:EMACAddrGet)
                  000081c6    0000001e     lwiplib.obj (.text:netif_set_down)
                  000081e4    0000001c     mmc-ek-tm4c1294xl.obj (.text:DESELECT)
                  00008200    0000001c     mmc-ek-tm4c1294xl.obj (.text:SELECT)
                  0000821c    0000001c     httpd.obj (.text:http_state_alloc)
                  00008238    0000001c     lwiplib.obj (.text:lwIPLocalIPAddrGet)
                  00008254    0000001c     lwiplib.obj (.text:netif_set_addr)
                  00008270    0000001c     lwiplib.obj (.text:udp_new)
                  0000828c    0000001a     uartstdio.obj (.text:UARTprintf)
                  000082a6    0000001a     lwiplib.obj (.text:autoip_network_changed)
                  000082c0    0000001a     lwiplib.obj (.text:dhcp_arp_reply)
                  000082da    0000001a     lwiplib.obj (.text:lwip_htonl)
                  000082f4    00000018     driverlib.lib : gpio.obj (.text:GPIOPinTypeGPIOOutput)
                  0000830c    00000018     lwiplib.obj (.text:arp_timer)
                  00008324    00000018     lwiplib.obj (.text:autoip_timer)
                  0000833c    00000018     ff.obj (.text:clust2sect)
                  00008354    00000018     lwiplib.obj (.text:dhcp_timer_coarse)
                  0000836c    00000018     lwiplib.obj (.text:dhcp_timer_fine)
                  00008384    00000018     lwiplib.obj (.text:pbuf_pool_is_empty)
                  0000839c    00000018     rtsv7M4_T_le_v4SPD16_eabi.lib : args_main.obj (.text)
                  000083b4    00000018     lwiplib.obj (.text:tcp_next_iss)
                  000083cc    00000018     lwiplib.obj (.text:tcp_seg_free)
                  000083e4    00000016     driverlib.lib : emac.obj (.text:EMACReset)
                  000083fa    00000016                   : emac.obj (.text:EMACRxEnable)
                  00008410    00000016                   : emac.obj (.text:EMACTxEnable)
                  00008426    00000016     lwiplib.obj (.text:dhcp_delete_msg)
                  0000843c    00000016     lwiplib.obj (.text:dhcp_t1_timeout)
                  00008452    00000016     lwiplib.obj (.text:dhcp_t2_timeout)
                  00008468    00000016     enet_fs.obj (.text:fs_bytes_left)
                  0000847e    00000016     ff.obj (.text:mem_cpy)
                  00008494    00000016     lwiplib.obj (.text:pbuf_ref)
                  000084aa    00000002     --HOLE-- [fill = 0]
                  000084ac    00000014     driverlib.lib : flash.obj (.text:FlashUserGet)
                  000084c0    00000014                   : systick.obj (.text:SysTickEnable)
                  000084d4    00000014                   : systick.obj (.text:SysTickIntEnable)
                  000084e8    00000014     enet_lwip.obj (.text:SysTickIntHandler)
                  000084fc    00000014     driverlib.lib : uart.obj (.text:UARTEnable)
                  00008510    00000014     enet_fs.obj (.text:fs_close)
                  00008524    00000014     rtsv7M4_T_le_v4SPD16_eabi.lib : _lock.obj (.text)
                  00008538    00000014                                   : strlen.obj (.text)
                  0000854c    00000014     lwiplib.obj (.text:sys_arch_unprotect)
                  00008560    00000014     lwiplib.obj (.text:tcp_close)
                  00008574    00000012     driverlib.lib : gpio.obj (.text:GPIOPinTypeEthernetLED)
                  00008586    00000012                   : gpio.obj (.text:GPIOPinTypeUART)
                  00008598    00000012     lwiplib.obj (.text:dhcp_option_byte)
                  000085aa    00000012     lwiplib.obj (.text:netif_set_link_down)
                  000085bc    00000012     lwiplib.obj (.text:pbuf_clen)
                  000085ce    00000012     lwiplib.obj (.text:tcp_segs_free)
                  000085e0    00000010     driverlib.lib : emac.obj (.text:EMACFrameFilterSet)
                  000085f0    00000010                   : interrupt.obj (.text:IntMasterEnable)
                  00008600    00000010                   : systick.obj (.text:SysTickPeriodSet)
                  00008610    00000010     lwiplib.obj (.text:autoip_stop)
                  00008620    00000010     lwiplib.obj (.text:dhcp_set_state)
                  00008630    00000010     mmc-ek-tm4c1294xl.obj (.text:disk_status)
                  00008640    00000010     lwiplib.obj (.text:inet_chksum)
                  00008650    00000010     lwiplib.obj (.text:lwip_init)
                  00008660    00000010     lwiplib.obj (.text:pbuf_chain)
                  00008670    00000010     lwiplib.obj (.text:sys_arch_protect)
                  00008680    0000000e     driverlib.lib : uart.obj (.text:UARTCharPutNonBlocking)
                  0000868e    0000000e     rtsv7M4_T_le_v4SPD16_eabi.lib : copy_decompress_none.obj (.text:decompress:none)
                  0000869c    0000000c     driverlib.lib : cpu.obj (.text:CPUcpsie)
                  000086a8    0000000c                   : sysctl.obj (.text:SysCtlMOSCConfigSet)
                  000086b4    0000000c     lwiplib.obj (.text:autoip_restart)
                  000086c0    0000000c     rtsv7M4_T_le_v4SPD16_eabi.lib : copy_zero_init.obj (.text:decompress:ZI)
                  000086cc    0000000c     lwiplib.obj (.text:lwip_htons)
                  000086d8    0000000c     lwiplib.obj (.text:netif_set_default)
                  000086e4    0000000c     lwiplib.obj (.text:netif_set_gw)
                  000086f0    0000000c     lwiplib.obj (.text:netif_set_netmask)
                  000086fc    0000000c     mmc-ek-tm4c1294xl.obj (.text:rcvr_spi_m)
                  00008708    0000000c     lwiplib.obj (.text:sys_now)
                  00008714    0000000c     lwiplib.obj (.text:tcp_debug_state_str)
                  00008720    0000000a     lwiplib.obj (.text:tcp_poll)
                  0000872a    00000008     driverlib.lib : emac.obj (.text:EMACPowerManagementStatusGet)
                  00008732    00000008                   : emac.obj (.text:EMACTxDMAPollDemand)
                  0000873a    00000008     lwiplib.obj (.text:icmp_dest_unreach)
                  00008742    00000006     driverlib.lib : emac.obj (.text:EMACRxDMADescriptorListSet)
                  00008748    00000006                   : emac.obj (.text:EMACTimestampIntStatus)
                  0000874e    00000006                   : emac.obj (.text:EMACTxDMADescriptorListSet)
                  00008754    00000006                   : gpio.obj (.text:GPIOPinRead)
                  0000875a    00000006                   : gpio.obj (.text:GPIOPinWrite)
                  00008760    00000006     startup_ccs.obj (.text:ResetISR)
                  00008766    00000006     driverlib.lib : sysctl.obj (.text:SysCtlDelay)
                  0000876c    00000006     rtsv7M4_T_le_v4SPD16_eabi.lib : copy_decompress_rle.obj (.text:decompress:rle24)
                  00008772    00000006     lwiplib.obj (.text:tcp_abort)
                  00008778    00000006     lwiplib.obj (.text:tcp_accept_null)
                  0000877e    00000006     lwiplib.obj (.text:tcp_err)
                  00008784    00000006     lwiplib.obj (.text:tcp_new)
                  0000878a    00000006     lwiplib.obj (.text:tcp_recv)
                  00008790    00000006     lwiplib.obj (.text:udp_recv)
                  00008796    00000004     rtsv7M4_T_le_v4SPD16_eabi.lib : pre_init.obj (.text)
                  0000879a    00000004     lwiplib.obj (.text:tcp_accept)
                  0000879e    00000004     lwiplib.obj (.text:tcp_arg)
                  000087a2    00000004     lwiplib.obj (.text:tcp_sent)
                  000087a6    00000004     lwiplib.obj (.text:tcp_setprio)

.const     0    000087ac    00000534     
                  000087ac    000001b0     driverlib.lib : sysctl.obj (.const:g_pppui32XTALtoVCO)
                  0000895c    0000009c                   : interrupt.obj (.const:g_pui32Regs)
                  000089f8    00000090                   : gpio.obj (.const:g_pui32GPIOBaseAddrs)
                  00008a88    0000008a     lwiplib.obj (.const:.string)
                  00008b12    00000002     --HOLE-- [fill = 0]
                  00008b14    00000070     driverlib.lib : interrupt.obj (.const)
                  00008b84    0000006c                   : sysctl.obj (.const:g_pui32Xtals)
                  00008bf0    00000044     lwiplib.obj (.const)
                  00008c34    00000030     driverlib.lib : sysctl.obj (.const:g_sXTALtoMEMTIM)
                  00008c64    0000002c     lwiplib.obj (.const:tcp_state_str)
                  00008c90    0000001c     uartstdio.obj (.const)
                  00008cac    00000018     driverlib.lib : emac.obj (.const)
                  00008cc4    00000012     uartstdio.obj (.const:.string)
                  00008cd6    00000002     --HOLE-- [fill = 0]
                  00008cd8    00000008     driverlib.lib : sysctl.obj (.const)

.cinit     0    00008ce0    00000068     
                  00008ce0    0000003e     (.cinit..data.load) [load image, compression = rle]
                  00008d1e    00000002     --HOLE-- [fill = 0]
                  00008d20    0000000c     (__TI_handler_table)
                  00008d2c    00000004     --HOLE-- [fill = 0]
                  00008d30    00000008     (.cinit..bss.load) [load image, compression = zero_init]
                  00008d38    00000010     (__TI_cinit_table)

.init_array 
*          0    00000000    00000000     UNINITIALIZED

.bss       0    20000000    0001dae0     UNINITIALIZED
                  20000000    0001001c     lwiplib.obj (.bss:ram_heap)
                  2001001c    0000d2d4     lwiplib.obj (.bss:memp_memory)
                  2001d2f0    00000360     lwiplib.obj (.bss:g_pTxDescriptors)
                  2001d650    00000120     lwiplib.obj (.bss:g_pRxDescriptors)
                  2001d770    00000120     lwiplib.obj (.bss:lwip_stats)
                  2001d890    000000c8     lwiplib.obj (.bss:arp_table)
                  2001d958    00000054     locator.obj (.bss:g_pui8LocatorData)
                  2001d9ac    00000038     lwiplib.obj (.bss:g_sNetIF)
                  2001d9e4    00000028     lwiplib.obj (.bss:dhcp_rx_options_val)
                  2001da0c    00000020     (.common:memp_tab)
                  2001da2c    00000010     (.common:inseg)
                  2001da3c    0000000c     (.common:dhcp_rx_options_given)
                  2001da48    00000004     (.common:ackno)
                  2001da4c    00000004     (.common:current_header)
                  2001da50    00000004     (.common:current_iphdr_dest)
                  2001da54    00000004     (.common:current_iphdr_src)
                  2001da58    00000004     (.common:current_netif)
                  2001da5c    00000004     (.common:g_pfnTimerHandler)
                  2001da60    00000004     (.common:g_ui32AbnormalInts)
                  2001da64    00000004     (.common:g_ui32GWAddr)
                  2001da68    00000004     (.common:g_ui32IPAddr)
                  2001da6c    00000004     (.common:g_ui32IPAddress)
                  2001da70    00000004     (.common:g_ui32NetMask)
                  2001da74    00000004     (.common:g_ui32NormalInts)
                  2001da78    00000004     (.common:g_ui32SysClock)
                  2001da7c    00000004     (.common:iphdr)
                  2001da80    00000004     (.common:lfree)
                  2001da84    00000004     (.common:netif_default)
                  2001da88    00000004     (.common:netif_list)
                  2001da8c    00000004     (.common:next_timeout)
                  2001da90    00000004     (.common:ram)
                  2001da94    00000004     (.common:ram_end)
                  2001da98    00000004     (.common:raw_pcbs)
                  2001da9c    00000004     (.common:recv_data)
                  2001daa0    00000004     (.common:seqno)
                  2001daa4    00000004     (.common:tcp_active_pcbs)
                  2001daa8    00000004     (.common:tcp_bound_pcbs)
                  2001daac    00000004     (.common:tcp_input_pcb)
                  2001dab0    00000004     (.common:tcp_listen_pcbs)
                  2001dab4    00000004     (.common:tcp_ticks)
                  2001dab8    00000004     (.common:tcp_tmp_pcb)
                  2001dabc    00000004     (.common:tcp_tw_pcbs)
                  2001dac0    00000004     (.common:tcphdr)
                  2001dac4    00000004     (.common:tcpip_tcp_timer_active)
                  2001dac8    00000004     (.common:timeouts_last_time)
                  2001dacc    00000004     (.common:udp_pcbs)
                  2001dad0    00000002     (.common:ip_id)
                  2001dad2    00000002     (.common:tcplen)
                  2001dad4    00000001     (.common:CardType)
                  2001dad5    00000001     (.common:Timer1)
                  2001dad6    00000001     (.common:Timer2)
                  2001dad7    00000001     (.common:etharp_cached_entry)
                  2001dad8    00000001     (.common:flags)
                  2001dad9    00000001     (.common:g_bLED)
                  2001dada    00000001     (.common:netif_num)
                  2001dadb    00000001     (.common:pbuf_free_ooseq_pending)
                  2001dadc    00000001     (.common:recv_flags)
                  2001dadd    00000001     (.common:tcp_active_pcbs_changed)
                  2001dade    00000001     (.common:tcp_timer)
                  2001dadf    00000001     (.common:tcp_timer_ctr)

.TI.noinit 
*          0    20000000    00000000     UNINITIALIZED

.stack     0    2001dae0    00000800     UNINITIALIZED
                  2001dae0    00000800     --HOLE--

.data      0    2001e2e0    00000080     UNINITIALIZED
                  2001e2e0    00000064     lwiplib.obj (.data)
                  2001e344    00000008     rtsv7M4_T_le_v4SPD16_eabi.lib : _lock.obj (.data)
                  2001e34c    00000008                                   : exit.obj (.data)
                  2001e354    00000005     uartstdio.obj (.data)
                  2001e359    00000002     mmc-ek-tm4c1294xl.obj (.data)
                  2001e35b    00000001     --HOLE--
                  2001e35c    00000004     rtsv7M4_T_le_v4SPD16_eabi.lib : stkdepth_vars.obj (.data)

.TI.persistent 
*          0    2001e2e0    00000000     UNINITIALIZED


LINKER GENERATED COPY TABLES

__TI_cinit_table @ 00008d38 records: 2, size/record: 8, table size: 16
	.data: load addr=00008ce0, load size=0000003e bytes, run addr=2001e2e0, run size=00000080 bytes, compression=rle
	.bss: load addr=00008d30, load size=00000008 bytes, run addr=20000000, run size=0001dae0 bytes, compression=zero_init


LINKER GENERATED HANDLER TABLE

__TI_handler_table @ 00008d20 records: 3, size/record: 4, table size: 12
	index: 0, handler: __TI_decompress_rle24
	index: 1, handler: __TI_decompress_none
	index: 2, handler: __TI_zero_init


GLOBAL SYMBOLS: SORTED ALPHABETICALLY BY Name 

address   name                        
-------   ----                        
0000743d  C$$EXIT                     
0000869d  CPUcpsie                    
000076c5  DisplayIPAddress            
000081a9  EMACAddrGet                 
0000792d  EMACConfigGet               
000076fd  EMACConfigSet               
000085e1  EMACFrameFilterSet          
00005df9  EMACInit                    
00007961  EMACIntClear                
00007689  EMACIntEnable               
00007c4b  EMACIntStatus               
000068f9  EMACPHYConfigSet            
00007e4d  EMACPHYRead                 
00007e73  EMACPHYWrite                
0000872b  EMACPowerManagementStatusGet
000083e5  EMACReset                   
00008743  EMACRxDMADescriptorListSet  
000083fb  EMACRxEnable                
00008749  EMACTimestampIntStatus      
0000874f  EMACTxDMADescriptorListSet  
00008733  EMACTxDMAPollDemand         
00008411  EMACTxEnable                
000084ad  FlashUserGet                
00007d29  GPIODirModeSet              
00003473  GPIOPadConfigSet            
0000709d  GPIOPinConfigure            
00008755  GPIOPinRead                 
00008575  GPIOPinTypeEthernetLED      
000082f5  GPIOPinTypeGPIOOutput       
00008587  GPIOPinTypeUART             
0000875b  GPIOPinWrite                
00004831  InitDMADescriptors          
000061f1  IntEnable                   
000085f1  IntMasterEnable             
00007f31  IntPrioritySet              
00007735  LocatorAppTitleSet          
00006aad  LocatorInit                 
00008029  LocatorMACAddrSet           
00001dbd  PinoutSet                   
00008761  ResetISR                    
UNDEFED   SHT$$INIT_ARRAY$$Base       
UNDEFED   SHT$$INIT_ARRAY$$Limit      
00001fd1  SysCtlClockFreqSet          
00008767  SysCtlDelay                 
000086a9  SysCtlMOSCConfigSet         
00007995  SysCtlPeripheralEnable      
0000776d  SysCtlPeripheralReady       
00006cf5  SysCtlPeripheralReset       
000084c1  SysTickEnable               
000084d5  SysTickIntEnable            
000084e9  SysTickIntHandler           
00008601  SysTickPeriodSet            
00008681  UARTCharPutNonBlocking      
00007325  UARTConfigSetExpClk         
00008049  UARTDisable                 
000084fd  UARTEnable                  
0000672d  UARTStdioConfig             
0000828d  UARTprintf                  
000021d1  UARTvprintf                 
000070e5  UARTwrite                   
2001e2e0  __STACK_END                 
00000800  __STACK_SIZE                
2001e2e0  __STACK_TOP                 
00008d38  __TI_CINIT_Base             
00008d48  __TI_CINIT_Limit            
00008d20  __TI_Handler_Table_Base     
00008d2c  __TI_Handler_Table_Limit    
00006119  __TI_auto_init              
2001e34c  __TI_cleanup_ptr            
0000868f  __TI_decompress_none        
0000876d  __TI_decompress_rle24       
2001e350  __TI_dtors_ptr              
00000000  __TI_static_base__          
000086c1  __TI_zero_init              
000037e7  __aeabi_idiv0               
00005d7d  __aeabi_memclr              
00005d7d  __aeabi_memclr4             
00005d7d  __aeabi_memclr8             
000051d9  __aeabi_memcpy              
000051d9  __aeabi_memcpy4             
000051d9  __aeabi_memcpy8             
00005d7f  __aeabi_memset              
00005d7f  __aeabi_memset4             
00005d7f  __aeabi_memset8             
000075cd  __aeabi_uidiv               
000075cd  __aeabi_uidivmod            
ffffffff  __binit__                   
ffffffff  __c_args__                  
2001dae0  __stack                     
0000839d  _args_main                  
00006d95  _c_int00                    
2001e344  _lock                       
00008533  _nop                        
0000852b  _register_lock              
00008525  _register_unlock            
00008797  _system_pre_init            
2001e348  _unlock                     
00007441  abort                       
0000580d  autoip_arp_reply            
000082a7  autoip_network_changed      
00006951  autoip_start                
00008611  autoip_stop                 
00004299  autoip_tmr                  
ffffffff  binit                       
0000833d  clust2sect                  
00006f21  copy_in                     
2001da4c  current_header              
2001da50  current_iphdr_dest          
2001da54  current_iphdr_src           
2001da58  current_netif               
000082c1  dhcp_arp_reply              
0000764d  dhcp_coarse_tmr             
000077a5  dhcp_fine_tmr               
000074c5  dhcp_network_changed        
00004f4d  dhcp_release                
00005911  dhcp_renew                  
2001da3c  dhcp_rx_options_given       
2001d9e4  dhcp_rx_options_val         
00004d55  dhcp_start                  
00007815  dhcp_stop                   
000054d1  disk_read                   
00008631  disk_status                 
00004a71  disk_write                  
00007dd5  etharp_cleanup_netif        
000037e9  etharp_output               
00003905  etharp_query                
000041bd  etharp_raw                  
00007cd1  etharp_request              
0000758d  etharp_tmr                  
00008c28  ethbroadcast                
00004ff1  ethernet_input              
00008c2e  ethzero                     
00007449  exit                        
00002e05  f_read                      
00008469  fs_bytes_left               
00008511  fs_close                    
0000736b  fs_read                     
2001e2f4  g_RxDescList                
2001e2e4  g_TxDescList                
2001dad9  g_bLED                      
2001d650  g_pRxDescriptors            
2001d2f0  g_pTxDescriptors            
2001da5c  g_pfnTimerHandler           
00000000  g_pfnVectors                
2001da60  g_ui32AbnormalInts          
2001da6c  g_ui32IPAddress             
2001e310  g_ui32LocalTimer            
2001da74  g_ui32NormalInts            
2001da78  g_ui32SysClock              
000045d5  get_fat                     
000080e9  httpd_init                  
0000873b  icmp_dest_unreach           
00002c81  icmp_input                  
00008641  inet_chksum                 
00006845  inet_chksum_pbuf            
00007a99  ip4_addr_isbroadcast        
00008c20  ip_addr_any                 
00008c24  ip_addr_broadcast           
000023bd  ip_input                    
000071bd  ip_output                   
00005095  ip_output_if                
00006d45  ip_route                    
00005991  lwIPEthernetIntHandler      
00004dfd  lwIPHostTimerHandler        
00003e25  lwIPInit                    
00008239  lwIPLocalIPAddrGet          
00008109  lwIPTimer                   
000082db  lwip_htonl                  
000086cd  lwip_htons                  
00008651  lwip_init                   
000082db  lwip_ntohl                  
000086cd  lwip_ntohs                  
2001d770  lwip_stats                  
00002599  main                        
2001e35c  main_func_sp                
00006601  mem_free                    
0000678d  mem_init                    
00003d2d  mem_malloc                  
00003f0d  mem_trim                    
00008007  memcmp                      
000051d9  memcpy                      
00007885  memp_free                   
000060ad  memp_init                   
000069a9  memp_malloc                 
00005d85  memset                      
00006b55  netif_add                   
2001da84  netif_default               
2001da88  netif_list                  
00008255  netif_set_addr              
000086d9  netif_set_default           
000081c7  netif_set_down              
000086e5  netif_set_gw                
00006329  netif_set_ipaddr            
000085ab  netif_set_link_down         
0000760d  netif_set_link_up           
000086f1  netif_set_netmask           
00007f79  netif_set_up                
0000333d  pbuf_alloc                  
00007dfd  pbuf_cat                    
00008661  pbuf_chain                  
000085bd  pbuf_clen                   
0000543d  pbuf_copy                   
00006391  pbuf_copy_partial           
00006ed3  pbuf_free                   
2001dadb  pbuf_free_ooseq_pending     
000066c9  pbuf_header                 
0000689f  pbuf_realloc                
00008495  pbuf_ref                    
20000000  ram_heap                    
00005f5d  raw_input                   
00008539  strlen                      
00007ee5  strncmp                     
00008671  sys_arch_protect            
0000854d  sys_arch_unprotect          
00008709  sys_now                     
000063f9  sys_timeout                 
00006de5  sys_timeouts_init           
00005561  tcp_abandon                 
00008773  tcp_abort                   
0000879b  tcp_accept                  
2001daa4  tcp_active_pcbs             
2001dadd  tcp_active_pcbs_changed     
0000436d  tcp_alloc                   
0000879f  tcp_arg                     
00008a88  tcp_backoff                 
00005c09  tcp_bind                    
2001daa8  tcp_bound_pcbs              
00008561  tcp_close                   
00008715  tcp_debug_state_str         
00008129  tcp_eff_send_mss            
00004ea5  tcp_enqueue_flags           
0000877f  tcp_err                     
00005fd1  tcp_fasttmr                 
000009bd  tcp_input                   
2001daac  tcp_input_pcb               
00007481  tcp_keepalive               
2001dab0  tcp_listen_pcbs             
00005275  tcp_listen_with_backlog     
00008785  tcp_new                     
000083b5  tcp_next_iss                
00002af1  tcp_output                  
00008c10  tcp_pcb_lists               
00007549  tcp_pcb_purge               
000067e9  tcp_pcb_remove              
00008a95  tcp_persist_backoff         
00008721  tcp_poll                    
000064c9  tcp_process_refused_data    
0000878b  tcp_recv                    
00007f0b  tcp_recv_null               
00007afd  tcp_recved                  
00006a57  tcp_rexmit                  
00007295  tcp_rexmit_fast             
00007c1d  tcp_rexmit_rto              
00005c85  tcp_rst                     
00007f9d  tcp_seg_copy                
000083cd  tcp_seg_free                
000085cf  tcp_segs_free               
000073b1  tcp_send_empty_ack          
000073f7  tcp_send_fin                
000087a3  tcp_sent                    
000087a7  tcp_setprio                 
00001409  tcp_slowtmr                 
00008c64  tcp_state_str               
2001dab4  tcp_ticks                   
00007a31  tcp_timer_needed            
2001dab8  tcp_tmp_pcb                 
00008149  tcp_tmr                     
2001dabc  tcp_tw_pcbs                 
00007b2f  tcp_update_rcv_ann_wnd      
0000111d  tcp_write                   
000055f1  tcp_zero_window_probe       
00007a65  tivaif_init                 
00006fb9  tivaif_interrupt            
00005d01  tivaif_process_phy_interrupt
00006531  udp_bind                    
00007005  udp_connect                 
0000292d  udp_input                   
00008271  udp_new                     
2001dacc  udp_pcbs                    
00008791  udp_recv                    
00007b61  udp_remove                  
000078f5  udp_sendto                  
00004769  udp_sendto_if               
00008169  usprintf                    
00007d7d  ustrncpy                    
00001945  uvsnprintf                  


GLOBAL SYMBOLS: SORTED BY Symbol Address 

address   name                        
-------   ----                        
00000000  __TI_static_base__          
00000000  g_pfnVectors                
00000800  __STACK_SIZE                
000009bd  tcp_input                   
0000111d  tcp_write                   
00001409  tcp_slowtmr                 
00001945  uvsnprintf                  
00001dbd  PinoutSet                   
00001fd1  SysCtlClockFreqSet          
000021d1  UARTvprintf                 
000023bd  ip_input                    
00002599  main                        
0000292d  udp_input                   
00002af1  tcp_output                  
00002c81  icmp_input                  
00002e05  f_read                      
0000333d  pbuf_alloc                  
00003473  GPIOPadConfigSet            
000037e7  __aeabi_idiv0               
000037e9  etharp_output               
00003905  etharp_query                
00003d2d  mem_malloc                  
00003e25  lwIPInit                    
00003f0d  mem_trim                    
000041bd  etharp_raw                  
00004299  autoip_tmr                  
0000436d  tcp_alloc                   
000045d5  get_fat                     
00004769  udp_sendto_if               
00004831  InitDMADescriptors          
00004a71  disk_write                  
00004d55  dhcp_start                  
00004dfd  lwIPHostTimerHandler        
00004ea5  tcp_enqueue_flags           
00004f4d  dhcp_release                
00004ff1  ethernet_input              
00005095  ip_output_if                
000051d9  __aeabi_memcpy              
000051d9  __aeabi_memcpy4             
000051d9  __aeabi_memcpy8             
000051d9  memcpy                      
00005275  tcp_listen_with_backlog     
0000543d  pbuf_copy                   
000054d1  disk_read                   
00005561  tcp_abandon                 
000055f1  tcp_zero_window_probe       
0000580d  autoip_arp_reply            
00005911  dhcp_renew                  
00005991  lwIPEthernetIntHandler      
00005c09  tcp_bind                    
00005c85  tcp_rst                     
00005d01  tivaif_process_phy_interrupt
00005d7d  __aeabi_memclr              
00005d7d  __aeabi_memclr4             
00005d7d  __aeabi_memclr8             
00005d7f  __aeabi_memset              
00005d7f  __aeabi_memset4             
00005d7f  __aeabi_memset8             
00005d85  memset                      
00005df9  EMACInit                    
00005f5d  raw_input                   
00005fd1  tcp_fasttmr                 
000060ad  memp_init                   
00006119  __TI_auto_init              
000061f1  IntEnable                   
00006329  netif_set_ipaddr            
00006391  pbuf_copy_partial           
000063f9  sys_timeout                 
000064c9  tcp_process_refused_data    
00006531  udp_bind                    
00006601  mem_free                    
000066c9  pbuf_header                 
0000672d  UARTStdioConfig             
0000678d  mem_init                    
000067e9  tcp_pcb_remove              
00006845  inet_chksum_pbuf            
0000689f  pbuf_realloc                
000068f9  EMACPHYConfigSet            
00006951  autoip_start                
000069a9  memp_malloc                 
00006a57  tcp_rexmit                  
00006aad  LocatorInit                 
00006b55  netif_add                   
00006cf5  SysCtlPeripheralReset       
00006d45  ip_route                    
00006d95  _c_int00                    
00006de5  sys_timeouts_init           
00006ed3  pbuf_free                   
00006f21  copy_in                     
00006fb9  tivaif_interrupt            
00007005  udp_connect                 
0000709d  GPIOPinConfigure            
000070e5  UARTwrite                   
000071bd  ip_output                   
00007295  tcp_rexmit_fast             
00007325  UARTConfigSetExpClk         
0000736b  fs_read                     
000073b1  tcp_send_empty_ack          
000073f7  tcp_send_fin                
0000743d  C$$EXIT                     
00007441  abort                       
00007449  exit                        
00007481  tcp_keepalive               
000074c5  dhcp_network_changed        
00007549  tcp_pcb_purge               
0000758d  etharp_tmr                  
000075cd  __aeabi_uidiv               
000075cd  __aeabi_uidivmod            
0000760d  netif_set_link_up           
0000764d  dhcp_coarse_tmr             
00007689  EMACIntEnable               
000076c5  DisplayIPAddress            
000076fd  EMACConfigSet               
00007735  LocatorAppTitleSet          
0000776d  SysCtlPeripheralReady       
000077a5  dhcp_fine_tmr               
00007815  dhcp_stop                   
00007885  memp_free                   
000078f5  udp_sendto                  
0000792d  EMACConfigGet               
00007961  EMACIntClear                
00007995  SysCtlPeripheralEnable      
00007a31  tcp_timer_needed            
00007a65  tivaif_init                 
00007a99  ip4_addr_isbroadcast        
00007afd  tcp_recved                  
00007b2f  tcp_update_rcv_ann_wnd      
00007b61  udp_remove                  
00007c1d  tcp_rexmit_rto              
00007c4b  EMACIntStatus               
00007cd1  etharp_request              
00007d29  GPIODirModeSet              
00007d7d  ustrncpy                    
00007dd5  etharp_cleanup_netif        
00007dfd  pbuf_cat                    
00007e4d  EMACPHYRead                 
00007e73  EMACPHYWrite                
00007ee5  strncmp                     
00007f0b  tcp_recv_null               
00007f31  IntPrioritySet              
00007f79  netif_set_up                
00007f9d  tcp_seg_copy                
00008007  memcmp                      
00008029  LocatorMACAddrSet           
00008049  UARTDisable                 
000080e9  httpd_init                  
00008109  lwIPTimer                   
00008129  tcp_eff_send_mss            
00008149  tcp_tmr                     
00008169  usprintf                    
000081a9  EMACAddrGet                 
000081c7  netif_set_down              
00008239  lwIPLocalIPAddrGet          
00008255  netif_set_addr              
00008271  udp_new                     
0000828d  UARTprintf                  
000082a7  autoip_network_changed      
000082c1  dhcp_arp_reply              
000082db  lwip_htonl                  
000082db  lwip_ntohl                  
000082f5  GPIOPinTypeGPIOOutput       
0000833d  clust2sect                  
0000839d  _args_main                  
000083b5  tcp_next_iss                
000083cd  tcp_seg_free                
000083e5  EMACReset                   
000083fb  EMACRxEnable                
00008411  EMACTxEnable                
00008469  fs_bytes_left               
00008495  pbuf_ref                    
000084ad  FlashUserGet                
000084c1  SysTickEnable               
000084d5  SysTickIntEnable            
000084e9  SysTickIntHandler           
000084fd  UARTEnable                  
00008511  fs_close                    
00008525  _register_unlock            
0000852b  _register_lock              
00008533  _nop                        
00008539  strlen                      
0000854d  sys_arch_unprotect          
00008561  tcp_close                   
00008575  GPIOPinTypeEthernetLED      
00008587  GPIOPinTypeUART             
000085ab  netif_set_link_down         
000085bd  pbuf_clen                   
000085cf  tcp_segs_free               
000085e1  EMACFrameFilterSet          
000085f1  IntMasterEnable             
00008601  SysTickPeriodSet            
00008611  autoip_stop                 
00008631  disk_status                 
00008641  inet_chksum                 
00008651  lwip_init                   
00008661  pbuf_chain                  
00008671  sys_arch_protect            
00008681  UARTCharPutNonBlocking      
0000868f  __TI_decompress_none        
0000869d  CPUcpsie                    
000086a9  SysCtlMOSCConfigSet         
000086c1  __TI_zero_init              
000086cd  lwip_htons                  
000086cd  lwip_ntohs                  
000086d9  netif_set_default           
000086e5  netif_set_gw                
000086f1  netif_set_netmask           
00008709  sys_now                     
00008715  tcp_debug_state_str         
00008721  tcp_poll                    
0000872b  EMACPowerManagementStatusGet
00008733  EMACTxDMAPollDemand         
0000873b  icmp_dest_unreach           
00008743  EMACRxDMADescriptorListSet  
00008749  EMACTimestampIntStatus      
0000874f  EMACTxDMADescriptorListSet  
00008755  GPIOPinRead                 
0000875b  GPIOPinWrite                
00008761  ResetISR                    
00008767  SysCtlDelay                 
0000876d  __TI_decompress_rle24       
00008773  tcp_abort                   
0000877f  tcp_err                     
00008785  tcp_new                     
0000878b  tcp_recv                    
00008791  udp_recv                    
00008797  _system_pre_init            
0000879b  tcp_accept                  
0000879f  tcp_arg                     
000087a3  tcp_sent                    
000087a7  tcp_setprio                 
00008a88  tcp_backoff                 
00008a95  tcp_persist_backoff         
00008c10  tcp_pcb_lists               
00008c20  ip_addr_any                 
00008c24  ip_addr_broadcast           
00008c28  ethbroadcast                
00008c2e  ethzero                     
00008c64  tcp_state_str               
00008d20  __TI_Handler_Table_Base     
00008d2c  __TI_Handler_Table_Limit    
00008d38  __TI_CINIT_Base             
00008d48  __TI_CINIT_Limit            
20000000  ram_heap                    
2001d2f0  g_pTxDescriptors            
2001d650  g_pRxDescriptors            
2001d770  lwip_stats                  
2001d9e4  dhcp_rx_options_val         
2001da3c  dhcp_rx_options_given       
2001da4c  current_header              
2001da50  current_iphdr_dest          
2001da54  current_iphdr_src           
2001da58  current_netif               
2001da5c  g_pfnTimerHandler           
2001da60  g_ui32AbnormalInts          
2001da6c  g_ui32IPAddress             
2001da74  g_ui32NormalInts            
2001da78  g_ui32SysClock              
2001da84  netif_default               
2001da88  netif_list                  
2001daa4  tcp_active_pcbs             
2001daa8  tcp_bound_pcbs              
2001daac  tcp_input_pcb               
2001dab0  tcp_listen_pcbs             
2001dab4  tcp_ticks                   
2001dab8  tcp_tmp_pcb                 
2001dabc  tcp_tw_pcbs                 
2001dacc  udp_pcbs                    
2001dad9  g_bLED                      
2001dadb  pbuf_free_ooseq_pending     
2001dadd  tcp_active_pcbs_changed     
2001dae0  __stack                     
2001e2e0  __STACK_END                 
2001e2e0  __STACK_TOP                 
2001e2e4  g_TxDescList                
2001e2f4  g_RxDescList                
2001e310  g_ui32LocalTimer            
2001e344  _lock                       
2001e348  _unlock                     
2001e34c  __TI_cleanup_ptr            
2001e350  __TI_dtors_ptr              
2001e35c  main_func_sp                
ffffffff  __binit__                   
ffffffff  __c_args__                  
ffffffff  binit                       
UNDEFED   SHT$$INIT_ARRAY$$Base       
UNDEFED   SHT$$INIT_ARRAY$$Limit      

[286 symbols]
